Archive member included to satisfy reference by file (symbol)

app/libapp.a(main.cpp.obj)    (--whole-archive)
app/libapp.a(pot.cpp.obj)     (--whole-archive)
app/libapp.a(pwm_z42.c.obj)   (--whole-archive)
app/libapp.a(servo.cpp.obj)   (--whole-archive)
app/libapp.a(rtc.cpp.obj)     (--whole-archive)
app/libapp.a(tracker.cpp.obj)
                              (--whole-archive)
app/libapp.a(lcd.cpp.obj)     (--whole-archive)
app/libapp.a(button.cpp.obj)  (--whole-archive)
zephyr/libzephyr.a(validate_libc.c.obj)
                              (--whole-archive)
zephyr/libzephyr.a(heap.c.obj)
                              (--whole-archive)
zephyr/libzephyr.a(boot_banner.c.obj)
                              (--whole-archive)
zephyr/libzephyr.a(cbprintf_packaged.c.obj)
                              (--whole-archive)
zephyr/libzephyr.a(clock.c.obj)
                              (--whole-archive)
zephyr/libzephyr.a(printk.c.obj)
                              (--whole-archive)
zephyr/libzephyr.a(cbprintf_complete.c.obj)
                              (--whole-archive)
zephyr/libzephyr.a(assert.c.obj)
                              (--whole-archive)
zephyr/libzephyr.a(atomic_c.c.obj)
                              (--whole-archive)
zephyr/libzephyr.a(dec.c.obj)
                              (--whole-archive)
zephyr/libzephyr.a(hex.c.obj)
                              (--whole-archive)
zephyr/libzephyr.a(rb.c.obj)  (--whole-archive)
zephyr/libzephyr.a(set.c.obj)
                              (--whole-archive)
zephyr/libzephyr.a(timeutil.c.obj)
                              (--whole-archive)
zephyr/libzephyr.a(bitarray.c.obj)
                              (--whole-archive)
zephyr/libzephyr.a(bitmask.c.obj)
                              (--whole-archive)
zephyr/libzephyr.a(getopt.c.obj)
                              (--whole-archive)
zephyr/libzephyr.a(getopt_common.c.obj)
                              (--whole-archive)
zephyr/libzephyr.a(ring_buffer.c.obj)
                              (--whole-archive)
zephyr/libzephyr.a(last_section_id.c.obj)
                              (--whole-archive)
zephyr/libzephyr.a(configs.c.obj)
                              (--whole-archive)
zephyr/libzephyr.a(flash_configuration.c.obj)
                              (--whole-archive)
zephyr/libzephyr.a(soc.c.obj)
                              (--whole-archive)
zephyr/libzephyr.a(tracing_none.c.obj)
                              (--whole-archive)
zephyr/libzephyr.a(sem.c.obj)
                              (--whole-archive)
zephyr/libzephyr.a(thread_entry.c.obj)
                              (--whole-archive)
zephyr/arch/common/libarch__common.a(sw_isr_common.c.obj)
                              (--whole-archive)
zephyr/arch/common/libarch__common.a(init.c.obj)
                              (--whole-archive)
zephyr/arch/common/libarch__common.a(xip.c.obj)
                              (--whole-archive)
zephyr/arch/arch/arm/core/libarch__arm__core.a(fatal.c.obj)
                              (--whole-archive)
zephyr/arch/arch/arm/core/libarch__arm__core.a(nmi.c.obj)
                              (--whole-archive)
zephyr/arch/arch/arm/core/libarch__arm__core.a(nmi_on_reset.S.obj)
                              (--whole-archive)
zephyr/arch/arch/arm/core/libarch__arm__core.a(tls.c.obj)
                              (--whole-archive)
zephyr/arch/arch/arm/core/cortex_m/libarch__arm__core__cortex_m.a(fault.c.obj)
                              (--whole-archive)
zephyr/arch/arch/arm/core/cortex_m/libarch__arm__core__cortex_m.a(fault_s.S.obj)
                              (--whole-archive)
zephyr/arch/arch/arm/core/cortex_m/libarch__arm__core__cortex_m.a(fpu.c.obj)
                              (--whole-archive)
zephyr/arch/arch/arm/core/cortex_m/libarch__arm__core__cortex_m.a(reset.S.obj)
                              (--whole-archive)
zephyr/arch/arch/arm/core/cortex_m/libarch__arm__core__cortex_m.a(scb.c.obj)
                              (--whole-archive)
zephyr/arch/arch/arm/core/cortex_m/libarch__arm__core__cortex_m.a(vector_table.S.obj)
                              (--whole-archive)
zephyr/arch/arch/arm/core/cortex_m/libarch__arm__core__cortex_m.a(svc.S.obj)
                              (--whole-archive)
zephyr/arch/arch/arm/core/cortex_m/libarch__arm__core__cortex_m.a(irq_manage.c.obj)
                              (--whole-archive)
zephyr/arch/arch/arm/core/cortex_m/libarch__arm__core__cortex_m.a(prep_c.c.obj)
                              (--whole-archive)
zephyr/arch/arch/arm/core/cortex_m/libarch__arm__core__cortex_m.a(thread.c.obj)
                              (--whole-archive)
zephyr/arch/arch/arm/core/cortex_m/libarch__arm__core__cortex_m.a(cpu_idle.c.obj)
                              (--whole-archive)
zephyr/arch/arch/arm/core/cortex_m/libarch__arm__core__cortex_m.a(exc_exit.c.obj)
                              (--whole-archive)
zephyr/arch/arch/arm/core/cortex_m/libarch__arm__core__cortex_m.a(thread_abort.c.obj)
[...]
Memory Configuration

Name             Origin             Length             Attributes
FLASH            0x00000000         0x00020000         xr
RAM              0x1ffff000         0x00004000         xw
IDT_LIST         0xffff7fff         0x00008000         xw
*default*        0x00000000         0xffffffff

Linker script and memory map

                0x00005138                        vfprintf = __l_vfprintf
                0x00000000                        vfscanf = __l_vfscanf
LOAD zephyr/CMakeFiles/zephyr_pre0.dir/misc/empty_file.c.obj
LOAD zephyr/CMakeFiles/offsets.dir/./arch/arm/core/offsets/offsets.c.obj
LOAD app/libapp.a
LOAD zephyr/libzephyr.a
LOAD zephyr/arch/common/libarch__common.a
LOAD zephyr/arch/arch/arm/core/libarch__arm__core.a
LOAD zephyr/arch/arch/arm/core/cortex_m/libarch__arm__core__cortex_m.a
LOAD zephyr/lib/libc/picolibc/liblib__libc__picolibc.a
LOAD zephyr/lib/libc/common/liblib__libc__common.a
LOAD zephyr/subsys/portability/posix/c_lib_ext/libsubsys__portability__posix__c_lib_ext.a
LOAD zephyr/drivers/adc/libdrivers__adc.a
LOAD zephyr/drivers/clock_control/libdrivers__clock_control.a
LOAD zephyr/drivers/console/libdrivers__console.a
LOAD zephyr/drivers/gpio/libdrivers__gpio.a
LOAD zephyr/drivers/i2c/libdrivers__i2c.a
LOAD zephyr/drivers/pinctrl/libdrivers__pinctrl.a
LOAD zephyr/drivers/serial/libdrivers__serial.a
LOAD zephyr/drivers/timer/libdrivers__timer.a
LOAD modules/hal_nxp/libmodules__hal_nxp.a
LOAD zephyr/kernel/libkernel.a
LOAD zephyr/arch/common/libisr_tables.a
LOAD C:/Users/fyaih/zephyr-sdk-1.0.1/gnu/arm-zephyr-eabi/bin/../lib/gcc/arm-zephyr-eabi/14.3.0/../../../../arm-zephyr-eabi/lib/thumb/v6-m/nofp/space\libc.a
LOAD C:/Users/fyaih/zephyr-sdk-1.0.1/gnu/arm-zephyr-eabi/bin/../lib/gcc/arm-zephyr-eabi/14.3.0/thumb/v6-m/nofp/space\libgcc.a
                0x00000004                        _region_min_align = 0x4

.rel.plt        0x00000000        0x0
 *(SORT_BY_ALIGNMENT(.rel.plt))
                [!provide]                        PROVIDE (__rel_iplt_start = .)
 *(SORT_BY_ALIGNMENT(.rel.iplt))
 .rel.iplt      0x00000000        0x0 app/libapp.a(main.cpp.obj)
                [!provide]                        PROVIDE (__rel_iplt_end = .)

.rela.plt       0x00000000        0x0
 *(SORT_BY_ALIGNMENT(.rela.plt))
                [!provide]                        PROVIDE (__rela_iplt_start = .)
 *(SORT_BY_ALIGNMENT(.rela.iplt))
                [!provide]                        PROVIDE (__rela_iplt_end = .)

.rel.dyn
 *(SORT_BY_ALIGNMENT(.rel.*))

.rela.dyn
 *(SORT_BY_ALIGNMENT(.rela.*))

/DISCARD/
 *(SORT_BY_ALIGNMENT(.plt))

/DISCARD/
 *(SORT_BY_ALIGNMENT(.iplt))
                0x00000000                        __rom_region_start = 0x0

rom_start       0x00000000      0x410
                0x00000000                        __rom_start_address = .
 FILL mask 0x00
                0x00000000                        . = (. + (0x0 - (. - __rom_start_address)))
                0x00000000                        . = ALIGN (0x4)
                0x00000000                        . = ALIGN (0x100)
                0x00000000                        . = ALIGN (0x100)
                0x00000000                        _vector_start = .
 *(SORT_BY_ALIGNMENT(.exc_vector_table))
 *(SORT_BY_ALIGNMENT(.exc_vector_table.*))
 .exc_vector_table._vector_table_section
                0x00000000       0x40 zephyr/arch/arch/arm/core/cortex_m/libarch__arm__core__cortex_m.a(vector_table.S.obj)
                0x00000000                _vector_table
 *(SORT_BY_ALIGNMENT(.vectors))
                0x000000c0                        _vector_end = .
                0x00000040                        . = ALIGN (0x4)
 *(SORT_BY_ALIGNMENT(.gnu.linkonce.irq_vector_table*))
 .gnu.linkonce.irq_vector_table
                0x00000040       0x80 zephyr/arch/common/libisr_tables.a(isr_tables.c.obj)
                0x00000040                _irq_vector_table
                0x000000c0                        _vector_end = .
                0x00000400                        . = 0x400
 *fill*         0x000000c0      0x340 00
 *(SORT_BY_ALIGNMENT(.kinetis_flash_config))
 *(SORT_BY_ALIGNMENT(.kinetis_flash_config.*))
 .kinetis_flash_config.WEST_TOPDIR/zephyr/soc/nxp/kinetis/flash_configuration.c.0
                0x00000400       0x10 zephyr/libzephyr.a(flash_configuration.c.obj)
                0x00000400                __kinetis_flash_config

text            0x00000410     0x85e8
                0x00000410                        __text_region_start = .
 *(SORT_BY_ALIGNMENT(.text))
 .text          0x00000410       0x14 C:/Users/fyaih/zephyr-sdk-1.0.1/gnu/arm-zephyr-eabi/bin/../lib/gcc/arm-zephyr-eabi/14.3.0/thumb/v6-m/nofp/space\libgcc.a(_thumb1_case_sqi.o)
                0x00000410                __gnu_thumb1_case_sqi
 .text          0x00000424       0x14 C:/Users/fyaih/zephyr-sdk-1.0.1/gnu/arm-zephyr-eabi/bin/../lib/gcc/arm-zephyr-eabi/14.3.0/thumb/v6-m/nofp/space\libgcc.a(_thumb1_case_uqi.o)
                0x00000424                __gnu_thumb1_case_uqi
 .text          0x00000438       0x8c C:/Users/fyaih/zephyr-sdk-1.0.1/gnu/arm-zephyr-eabi/bin/../lib/gcc/arm-zephyr-eabi/14.3.0/thumb/v6-m/nofp/space\libgcc.a(_udivsi3.o)
                0x00000438                __aeabi_uidiv
                0x00000438                __udivsi3
                0x000004b0                __aeabi_uidivmod
 .text          0x000004c4       0xa8 C:/Users/fyaih/zephyr-sdk-1.0.1/gnu/arm-zephyr-eabi/bin/../lib/gcc/arm-zephyr-eabi/14.3.0/thumb/v6-m/nofp/space\libgcc.a(_divsi3.o)
                0x000004c4                __divsi3
                0x000004c4                __aeabi_idiv
                0x00000558                __aeabi_idivmod
 .text          0x0000056c        0x4 C:/Users/fyaih/zephyr-sdk-1.0.1/gnu/arm-zephyr-eabi/bin/../lib/gcc/arm-zephyr-eabi/14.3.0/thumb/v6-m/nofp/space\libgcc.a(_dvmd_tls.o)
                0x0000056c                __aeabi_idiv0
                0x0000056c                __aeabi_ldiv0
 .text          0x00000570       0x7c C:/Users/fyaih/zephyr-sdk-1.0.1/gnu/arm-zephyr-eabi/bin/../lib/gcc/arm-zephyr-eabi/14.3.0/thumb/v6-m/nofp/space\libgcc.a(_arm_cmpdf2.o)
                0x00000570                __aeabi_cdrcmple
                0x00000580                __aeabi_cdcmple
                0x00000580                __aeabi_cdcmpeq
                0x00000590                __aeabi_dcmpeq
                0x0000059c                __aeabi_dcmplt
                0x000005b0                __aeabi_dcmple
                0x000005c4                __aeabi_dcmpgt
                0x000005d8                __aeabi_dcmpge
 .text          0x000005ec       0x3c C:/Users/fyaih/zephyr-sdk-1.0.1/gnu/arm-zephyr-eabi/bin/../lib/gcc/arm-zephyr-eabi/14.3.0/thumb/v6-m/nofp/space\libgcc.a(_clzsi2.o)
                0x000005ec                __clzsi2
 .text          0x00000628       0x40 C:/Users/fyaih/zephyr-sdk-1.0.1/gnu/arm-zephyr-eabi/bin/../lib/gcc/arm-zephyr-eabi/14.3.0/thumb/v6-m/nofp/space\libgcc.a(_ctzsi2.o)
                0x00000628                __ctzsi2
 .text          0x00000668       0x40 C:/Users/fyaih/zephyr-sdk-1.0.1/gnu/arm-zephyr-eabi/bin/../lib/gcc/arm-zephyr-eabi/14.3.0/thumb/v6-m/nofp/space\libgcc.a(_aeabi_uldivmod.o)
                0x00000668                __aeabi_uldivmod
 .text          0x000006a8       0x34 C:/Users/fyaih/zephyr-sdk-1.0.1/gnu/arm-zephyr-eabi/bin/../lib/gcc/arm-zephyr-eabi/14.3.0/thumb/v6-m/nofp/space\libgcc.a(_popcountsi2.o)
                0x000006a8                __popcountsi2
 .text          0x000006dc      0x5a0 C:/Users/fyaih/zephyr-sdk-1.0.1/gnu/arm-zephyr-eabi/bin/../lib/gcc/arm-zephyr-eabi/14.3.0/thumb/v6-m/nofp/space\libgcc.a(adddf3.o)
                0x000006dc                __aeabi_dadd
 .text          0x00000c7c      0x50c C:/Users/fyaih/zephyr-sdk-1.0.1/gnu/arm-zephyr-eabi/bin/../lib/gcc/arm-zephyr-eabi/14.3.0/thumb/v6-m/nofp/space\libgcc.a(divdf3.o)
                0x00000c7c                __aeabi_ddiv
 .text          0x00001188       0x78 C:/Users/fyaih/zephyr-sdk-1.0.1/gnu/arm-zephyr-eabi/bin/../lib/gcc/arm-zephyr-eabi/14.3.0/thumb/v6-m/nofp/space\libgcc.a(eqdf2.o)
                0x00001188                __nedf2
                0x00001188                __eqdf2
 .text          0x00001200       0xc8 C:/Users/fyaih/zephyr-sdk-1.0.1/gnu/arm-zephyr-eabi/bin/../lib/gcc/arm-zephyr-eabi/14.3.0/thumb/v6-m/nofp/space\libgcc.a(gedf2.o)
                0x00001200                __gedf2
                0x00001200                __gtdf2
 .text          0x000012c8       0xc8 C:/Users/fyaih/zephyr-sdk-1.0.1/gnu/arm-zephyr-eabi/bin/../lib/gcc/arm-zephyr-eabi/14.3.0/thumb/v6-m/nofp/space\libgcc.a(ledf2.o)
                0x000012c8                __ledf2
                0x000012c8                __ltdf2
 .text          0x00001390      0x44c C:/Users/fyaih/zephyr-sdk-1.0.1/gnu/arm-zephyr-eabi/bin/../lib/gcc/arm-zephyr-eabi/14.3.0/thumb/v6-m/nofp/space\libgcc.a(muldf3.o)
                0x00001390                __aeabi_dmul
 .text          0x000017dc      0x5a8 C:/Users/fyaih/zephyr-sdk-1.0.1/gnu/arm-zephyr-eabi/bin/../lib/gcc/arm-zephyr-eabi/14.3.0/thumb/v6-m/nofp/space\libgcc.a(subdf3.o)
                0x000017dc                __aeabi_dsub
 .text          0x00001d84       0x64 C:/Users/fyaih/zephyr-sdk-1.0.1/gnu/arm-zephyr-eabi/bin/../lib/gcc/arm-zephyr-eabi/14.3.0/thumb/v6-m/nofp/space\libgcc.a(fixdfsi.o)
                0x00001d84                __aeabi_d2iz
 .text          0x00001de8       0x50 C:/Users/fyaih/zephyr-sdk-1.0.1/gnu/arm-zephyr-eabi/bin/../lib/gcc/arm-zephyr-eabi/14.3.0/thumb/v6-m/nofp/space\libgcc.a(floatsidf.o)
                0x00001de8                __aeabi_i2d
 .text          0x00001e38       0x14 C:/Users/fyaih/zephyr-sdk-1.0.1/gnu/arm-zephyr-eabi/bin/../lib/gcc/arm-zephyr-eabi/14.3.0/thumb/v6-m/nofp/space\libgcc.a(_thumb1_case_uhi.o)
                0x00001e38                __gnu_thumb1_case_uhi
 .text          0x00001e4c       0x18 C:/Users/fyaih/zephyr-sdk-1.0.1/gnu/arm-zephyr-eabi/bin/../lib/gcc/arm-zephyr-eabi/14.3.0/thumb/v6-m/nofp/space\libgcc.a(_lshrdi3.o)
                0x00001e4c                __lshrdi3
                0x00001e4c                __aeabi_llsr
 .text          0x00001e64       0x18 C:/Users/fyaih/zephyr-sdk-1.0.1/gnu/arm-zephyr-eabi/bin/../lib/gcc/arm-zephyr-eabi/14.3.0/thumb/v6-m/nofp/space\libgcc.a(_ashldi3.o)
                0x00001e64                __aeabi_llsl
                0x00001e64                __ashldi3
 .text          0x00001e7c       0x18 C:/Users/fyaih/zephyr-sdk-1.0.1/gnu/arm-zephyr-eabi/bin/../lib/gcc/arm-zephyr-eabi/14.3.0/thumb/v6-m/nofp/space\libgcc.a(_clzdi2.o)
                0x00001e7c                __clzdi2
 .text          0x00001e94       0x44 C:/Users/fyaih/zephyr-sdk-1.0.1/gnu/arm-zephyr-eabi/bin/../lib/gcc/arm-zephyr-eabi/14.3.0/thumb/v6-m/nofp/space\libgcc.a(_muldi3.o)
                0x00001e94                __muldi3
                0x00001e94                __aeabi_lmul
 .text          0x00001ed8        0xe C:/Users/fyaih/zephyr-sdk-1.0.1/gnu/arm-zephyr-eabi/bin/../lib/gcc/arm-zephyr-eabi/14.3.0/thumb/v6-m/nofp/space\libgcc.a(_ffssi2.o)
                0x00001ed8                __ffssi2
 .text          0x00001ee6       0xea C:/Users/fyaih/zephyr-sdk-1.0.1/gnu/arm-zephyr-eabi/bin/../lib/gcc/arm-zephyr-eabi/14.3.0/thumb/v6-m/nofp/space\libgcc.a(_udivmoddi4.o)
                0x00001ee6                __udivmoddi4
 *(SORT_BY_ALIGNMENT(.text.*))
 .text.main     0x00001fd0       0xf8 app/libapp.a(main.cpp.obj)
                0x00001fd0                main
 .text.pwm_tpm_Init
                0x000020c8       0xac app/libapp.a(pwm_z42.c.obj)
                0x000020c8                pwm_tpm_Init
 .text.pwm_tpm_Ch_Init
                0x00002174      0x158 app/libapp.a(pwm_z42.c.obj)
                0x00002174                pwm_tpm_Ch_Init
 .text._ZN5ServoC2EP8TPM_TypehP9GPIO_Typeh
                0x000022cc       0x5c app/libapp.a(servo.cpp.obj)
                0x000022cc                Servo::Servo(TPM_Type*, unsigned char, GPIO_Type*, unsigned char)
                0x000022cc                Servo::Servo(TPM_Type*, unsigned char, GPIO_Type*, unsigned char)
 .text._ZN5Servo5writeEi
                0x00002328       0x34 app/libapp.a(servo.cpp.obj)
                0x00002328                Servo::write(int)
 .text._ZN5MyRTC12printHorarioEv
                0x0000235c       0x2c app/libapp.a(rtc.cpp.obj)
                0x0000235c                MyRTC::printHorario()
 .text._ZNK7Tracker14diasDesdeJ2000ERK2tm
                0x00002388      0x11c app/libapp.a(tracker.cpp.obj)
                0x00002388                Tracker::diasDesdeJ2000(tm const&) const
 .text._ZNK7Tracker11calcPosicaoERK2tm
                0x000024a4      0x5b4 app/libapp.a(tracker.cpp.obj)
                0x000024a4                Tracker::calcPosicao(tm const&) const
 .text._ZNK7Tracker9calcGammaEdRb
                0x00002a58       0x5c app/libapp.a(tracker.cpp.obj)
                0x00002a58                Tracker::calcGamma(double, bool&) const
 .text._ZNK7Tracker8calcBetaEdb
                0x00002ab4       0x68 app/libapp.a(tracker.cpp.obj)
                0x00002ab4                Tracker::calcBeta(double, bool) const
 .text._ZN7Tracker9atualizarERK5tempo
                0x00002b1c       0x78 app/libapp.a(tracker.cpp.obj)
                0x00002b1c                Tracker::atualizar(tempo const&)
 .text._ZN3LCD12configurePinERK12gpio_dt_spec
                0x00002b94       0x5c app/libapp.a(lcd.cpp.obj)
                0x00002b94                LCD::configurePin(gpio_dt_spec const&)
 .text._ZN3LCD4initEv
                0x00002bf0       0xd4 app/libapp.a(lcd.cpp.obj)
                0x00002bf0                LCD::init()
 .text.boot_banner
                0x00002cc4       0x10 zephyr/libzephyr.a(boot_banner.c.obj)
 .text.char_out
                0x00002cd4       0x10 zephyr/libzephyr.a(printk.c.obj)
 .text.__printk_hook_install
                0x00002ce4        0xc zephyr/libzephyr.a(printk.c.obj)
                0x00002ce4                __printk_hook_install
 .text.vprintk  0x00002cf0       0x2c zephyr/libzephyr.a(printk.c.obj)
                0x00002cf0                vprintk
 .text.clock_init
                0x00002d1c       0x80 zephyr/libzephyr.a(soc.c.obj)
                0x00002d1c                clock_init
 .text.z_thread_entry
                0x00002d9c       0x30 zephyr/libzephyr.a(thread_entry.c.obj)
                0x00002d9c                z_thread_entry
 .text.arch_bss_zero
                0x00002dcc       0x18 zephyr/arch/common/libarch__common.a(init.c.obj)
                0x00002dcc                arch_bss_zero
 .text.arch_data_copy
                0x00002de4       0x34 zephyr/arch/common/libarch__common.a(xip.c.obj)
                0x00002de4                arch_data_copy
 .text.z_arm_fatal_error
                0x00002e18       0x60 zephyr/arch/arch/arm/core/libarch__arm__core.a(fatal.c.obj)
                0x00002e18                z_arm_fatal_error
 .text.z_SysNmiOnReset
                0x00002e78        0x4 zephyr/arch/arch/arm/core/libarch__arm__core.a(nmi_on_reset.S.obj)
                0x00002e78                z_SysNmiOnReset
 .text.arch_tls_stack_setup
                0x00002e7c       0x38 zephyr/arch/arch/arm/core/libarch__arm__core.a(tls.c.obj)
                0x00002e7c                arch_tls_stack_setup
 .text.z_arm_fault
                0x00002eb4       0xf8 zephyr/arch/arch/arm/core/cortex_m/libarch__arm__core__cortex_m.a(fault.c.obj)
                0x00002eb4                z_arm_fault
 .text.z_arm_fault_init
                0x00002fac       0x10 zephyr/arch/arch/arm/core/cortex_m/libarch__arm__core__cortex_m.a(fault.c.obj)
                0x00002fac                z_arm_fault_init
 .text.__fault  0x00002fbc       0x14 zephyr/arch/arch/arm/core/cortex_m/libarch__arm__core__cortex_m.a(fault_s.S.obj)
                0x00002fbc                z_arm_hard_fault
                0x00002fbc                z_arm_exc_spurious
 .text._reset_section
                0x00002fd0       0x38 zephyr/arch/arch/arm/core/cortex_m/libarch__arm__core__cortex_m.a(reset.S.obj)
                0x00002fd0                __start
                0x00002fd0                z_arm_reset
 .text.z_arm_svc
                0x00003008       0x28 zephyr/arch/arch/arm/core/cortex_m/libarch__arm__core__cortex_m.a(svc.S.obj)
                0x00003008                z_arm_svc
 .text.arm_irq_enable
                0x00003030       0x18 zephyr/arch/arch/arm/core/cortex_m/libarch__arm__core__cortex_m.a(irq_manage.c.obj)
                0x00003030                arm_irq_enable
 .text.arm_irq_priority_set
                0x00003048       0x54 zephyr/arch/arch/arm/core/cortex_m/libarch__arm__core__cortex_m.a(irq_manage.c.obj)
                0x00003048                arm_irq_priority_set
 .text.relocate_vector_table
                0x0000309c       0x1c zephyr/arch/arch/arm/core/cortex_m/libarch__arm__core__cortex_m.a(prep_c.c.obj)
                0x0000309c                relocate_vector_table
 .text.arch_new_thread
                0x000030b8       0x2c zephyr/arch/arch/arm/core/cortex_m/libarch__arm__core__cortex_m.a(thread.c.obj)
                0x000030b8                arch_new_thread
 .text.arch_switch_to_main_thread
                0x000030e4       0x38 zephyr/arch/arch/arm/core/cortex_m/libarch__arm__core__cortex_m.a(thread.c.obj)
                0x000030e4                arch_switch_to_main_thread
 .text.z_arm_cpu_idle_init
                0x0000311c        0xc zephyr/arch/arch/arm/core/cortex_m/libarch__arm__core__cortex_m.a(cpu_idle.c.obj)
                0x0000311c                z_arm_cpu_idle_init
 .text._HandlerModeExit
                0x00003128       0x20 zephyr/arch/arch/arm/core/cortex_m/libarch__arm__core__cortex_m.a(exc_exit.c.obj)
                0x00003128                z_arm_int_exit
                0x00003128                z_arm_exc_exit
 .text.z_impl_k_thread_abort
                0x00003148       0x38 zephyr/arch/arch/arm/core/cortex_m/libarch__arm__core__cortex_m.a(thread_abort.c.obj)
                0x00003148                z_impl_k_thread_abort
 .text.z_arm_pendsv
                0x00003180       0x70 zephyr/arch/arch/arm/core/cortex_m/libarch__arm__core__cortex_m.a(swap_helper.S.obj)
                0x00003180                z_arm_pendsv
 .text.z_arm_interrupt_init
                0x000031f0       0x30 zephyr/arch/arch/arm/core/cortex_m/libarch__arm__core__cortex_m.a(irq_init.c.obj)
                0x000031f0                z_arm_interrupt_init
 .text._isr_wrapper
                0x00003220       0x20 zephyr/arch/arch/arm/core/cortex_m/libarch__arm__core__cortex_m.a(isr_wrapper.c.obj)
                0x00003220                _isr_wrapper
 .text.__aeabi_read_tp
                0x00003240        0xc zephyr/arch/arch/arm/core/cortex_m/libarch__arm__core__cortex_m.a(__aeabi_read_tp.S.obj)
                0x00003240                __aeabi_read_tp
 .text.z_impl_zephyr_fputc
                0x0000324c       0x10 zephyr/lib/libc/picolibc/liblib__libc__picolibc.a(stdio.c.obj)
                0x0000324c                z_impl_zephyr_fputc
 .text.__stdout_hook_install
                0x0000325c       0x18 zephyr/lib/libc/picolibc/liblib__libc__picolibc.a(stdio.c.obj)
                0x0000325c                __stdout_hook_install
 .text.malloc_prepare
                0x00003274       0x24 zephyr/lib/libc/common/liblib__libc__common.a(malloc.c.obj)
 .text.mcux_adc16_channel_setup
                0x00003298       0x88 zephyr/drivers/adc/libdrivers__adc.a(adc_mcux_adc16.c.obj)
 .text.mcux_sim_on
                0x00003320       0x34 zephyr/drivers/clock_control/libdrivers__clock_control.a(clock_control_mcux_sim.c.obj)
 .text.mcux_sim_off
                0x00003354       0x34 zephyr/drivers/clock_control/libdrivers__clock_control.a(clock_control_mcux_sim.c.obj)
 .text.uart_console_init
                0x00003388       0x2c zephyr/drivers/console/libdrivers__console.a(uart_console.c.obj)
 .text.console_out
                0x000033b4       0x28 zephyr/drivers/console/libdrivers__console.a(uart_console.c.obj)
 .text.gpio_mcux_port_configure
                0x000033dc       0xa0 zephyr/drivers/gpio/libdrivers__gpio.a(gpio_mcux.c.obj)
 .text.gpio_mcux_pin_interrupt_configure
                0x0000347c       0x88 zephyr/drivers/gpio/libdrivers__gpio.a(gpio_mcux.c.obj)
 .text.i2c_mcux_configure
                0x00003504       0x5c zephyr/drivers/i2c/libdrivers__i2c.a(i2c_mcux.c.obj)
 .text.i2c_mcux_init
                0x00003560       0xd4 zephyr/drivers/i2c/libdrivers__i2c.a(i2c_mcux.c.obj)
 .text.pinctrl_configure_pins
                0x00003634       0x44 zephyr/drivers/pinctrl/libdrivers__pinctrl.a(pinctrl_nxp_port.c.obj)
                0x00003634                pinctrl_configure_pins
 .text.elapsed  0x00003678       0x40 zephyr/drivers/timer/libdrivers__timer.a(cortex_m_systick.c.obj)
 .text.sys_clock_driver_init
                0x000036b8       0x3c zephyr/drivers/timer/libdrivers__timer.a(cortex_m_systick.c.obj)
 .text.sys_clock_isr
                0x000036f4       0x54 zephyr/drivers/timer/libdrivers__timer.a(cortex_m_systick.c.obj)
                0x000036f4                sys_clock_isr
 .text.sys_clock_set_timeout
                0x00003748       0xec zephyr/drivers/timer/libdrivers__timer.a(cortex_m_systick.c.obj)
                0x00003748                sys_clock_set_timeout
 .text.sys_clock_elapsed
                0x00003834       0x2c zephyr/drivers/timer/libdrivers__timer.a(cortex_m_systick.c.obj)
                0x00003834                sys_clock_elapsed
 .text.CLOCK_GetFllRefClkFreq
                0x00003860       0x4c modules/hal_nxp/libmodules__hal_nxp.a(fsl_clock.c.obj)
 .text.CLOCK_GetInternalRefClkSelectFreq
                0x000038ac       0x28 modules/hal_nxp/libmodules__hal_nxp.a(fsl_clock.c.obj)
 .text.CLOCK_GetOsc0ErClkFreq
                0x000038d4       0x1c modules/hal_nxp/libmodules__hal_nxp.a(fsl_clock.c.obj)
                0x000038d4                CLOCK_GetOsc0ErClkFreq
 .text.CLOCK_GetEr32kClkFreq
                0x000038f0       0x40 modules/hal_nxp/libmodules__hal_nxp.a(fsl_clock.c.obj)
                0x000038f0                CLOCK_GetEr32kClkFreq
 .text.CLOCK_SetSimConfig
                0x00003930       0x4c modules/hal_nxp/libmodules__hal_nxp.a(fsl_clock.c.obj)
                0x00003930                CLOCK_SetSimConfig
 .text.CLOCK_GetFllFreq
                0x0000397c       0x3c modules/hal_nxp/libmodules__hal_nxp.a(fsl_clock.c.obj)
                0x0000397c                CLOCK_GetFllFreq
 .text.CLOCK_GetInternalRefClkFreq
                0x000039b8       0x18 modules/hal_nxp/libmodules__hal_nxp.a(fsl_clock.c.obj)
                0x000039b8                CLOCK_GetInternalRefClkFreq
 .text.CLOCK_GetPll0Freq
                0x000039d0       0x34 modules/hal_nxp/libmodules__hal_nxp.a(fsl_clock.c.obj)
                0x000039d0                CLOCK_GetPll0Freq
 .text.CLOCK_GetPllFllSelClkFreq
                0x00003a04       0x24 modules/hal_nxp/libmodules__hal_nxp.a(fsl_clock.c.obj)
                0x00003a04                CLOCK_GetPllFllSelClkFreq
 .text.CLOCK_GetOutClkFreq
                0x00003a28       0x38 modules/hal_nxp/libmodules__hal_nxp.a(fsl_clock.c.obj)
                0x00003a28                CLOCK_GetOutClkFreq
 .text.CLOCK_GetFreq
                0x00003a60       0x84 modules/hal_nxp/libmodules__hal_nxp.a(fsl_clock.c.obj)
                0x00003a60                CLOCK_GetFreq
 .text.CLOCK_SetInternalRefClkConfig
                0x00003ae4       0x74 modules/hal_nxp/libmodules__hal_nxp.a(fsl_clock.c.obj)
                0x00003ae4                CLOCK_SetInternalRefClkConfig
 .text.CLOCK_EnablePll0
                0x00003b58       0x30 modules/hal_nxp/libmodules__hal_nxp.a(fsl_clock.c.obj)
                0x00003b58                CLOCK_EnablePll0
 .text.CLOCK_InitOsc0
                0x00003b88       0x6c modules/hal_nxp/libmodules__hal_nxp.a(fsl_clock.c.obj)
                0x00003b88                CLOCK_InitOsc0
 .text.CLOCK_SetPbeMode
                0x00003bf4       0x50 modules/hal_nxp/libmodules__hal_nxp.a(fsl_clock.c.obj)
                0x00003bf4                CLOCK_SetPbeMode
 .text.CLOCK_BootToPeeMode
                0x00003c44       0x28 modules/hal_nxp/libmodules__hal_nxp.a(fsl_clock.c.obj)
                0x00003c44                CLOCK_BootToPeeMode
 .text.SystemInit
                0x00003c6c       0x10 modules/hal_nxp/libmodules__hal_nxp.a(system_MKL25Z4.c.obj)
                0x00003c6c                SystemInit
 .text.ADC16_Init
                0x00003c7c       0x84 modules/hal_nxp/libmodules__hal_nxp.a(fsl_adc16.c.obj)
                0x00003c7c                ADC16_Init
 .text.I2C_CheckAndClearError
                0x00003d00       0x20 modules/hal_nxp/libmodules__hal_nxp.a(fsl_i2c.c.obj)
 .text.I2C_GetInstance
                0x00003d20       0x20 modules/hal_nxp/libmodules__hal_nxp.a(fsl_i2c.c.obj)
                0x00003d20                I2C_GetInstance
 .text.I2C_MasterGetDefaultConfig
                0x00003d40       0x1c modules/hal_nxp/libmodules__hal_nxp.a(fsl_i2c.c.obj)
                0x00003d40                I2C_MasterGetDefaultConfig
 .text.I2C_MasterSetBaudRate
                0x00003d5c       0x6c modules/hal_nxp/libmodules__hal_nxp.a(fsl_i2c.c.obj)
                0x00003d5c                I2C_MasterSetBaudRate
 .text.I2C_MasterInit
                0x00003dc8       0x80 modules/hal_nxp/libmodules__hal_nxp.a(fsl_i2c.c.obj)
                0x00003dc8                I2C_MasterInit
 .text.I2C_MasterStart
                0x00003e48       0x38 modules/hal_nxp/libmodules__hal_nxp.a(fsl_i2c.c.obj)
                0x00003e48                I2C_MasterStart
 .text.I2C_MasterRepeatedStart
                0x00003e80       0x54 modules/hal_nxp/libmodules__hal_nxp.a(fsl_i2c.c.obj)
                0x00003e80                I2C_MasterRepeatedStart
 .text.I2C_MasterTransferHandleIRQ
                0x00003ed4      0x190 modules/hal_nxp/libmodules__hal_nxp.a(fsl_i2c.c.obj)
                0x00003ed4                I2C_MasterTransferHandleIRQ
 .text.I2C_MasterTransferCreateHandle
                0x00004064       0x54 modules/hal_nxp/libmodules__hal_nxp.a(fsl_i2c.c.obj)
                0x00004064                I2C_MasterTransferCreateHandle
 .text.I2C_MasterTransferNonBlocking
                0x000040b8       0x94 modules/hal_nxp/libmodules__hal_nxp.a(fsl_i2c.c.obj)
                0x000040b8                I2C_MasterTransferNonBlocking
 .text.I2C_MasterTransferAbort
                0x0000414c       0x54 modules/hal_nxp/libmodules__hal_nxp.a(fsl_i2c.c.obj)
                0x0000414c                I2C_MasterTransferAbort
 .text.LPSCI_Init
                0x000041a0      0x13c modules/hal_nxp/libmodules__hal_nxp.a(fsl_lpsci.c.obj)
                0x000041a0                LPSCI_Init
 .text.LPSCI_ClearStatusFlags
                0x000042dc       0x5c modules/hal_nxp/libmodules__hal_nxp.a(fsl_lpsci.c.obj)
                0x000042dc                LPSCI_ClearStatusFlags
 .text.z_fatal_error
                0x00004338       0x28 zephyr/kernel/libkernel.a(fatal.c.obj)
                0x00004338                z_fatal_error
 .text.z_sys_init_run_level
                0x00004360       0x34 zephyr/kernel/libkernel.a(init.c.obj)
 .text.bg_thread_main
                0x00004394       0xa4 zephyr/kernel/libkernel.a(init.c.obj)
 .text.z_init_cpu
                0x00004438       0x68 zephyr/kernel/libkernel.a(init.c.obj)
                0x00004438                z_init_cpu
 .text.z_cstart
                0x000044a0       0xb0 zephyr/kernel/libkernel.a(init.c.obj)
                0x000044a0                z_cstart
 .text.z_impl_k_sem_give
                0x00004550       0x64 zephyr/kernel/libkernel.a(sem.c.obj)
                0x00004550                z_impl_k_sem_give
 .text.z_impl_k_sem_take
                0x000045b4       0x4c zephyr/kernel/libkernel.a(sem.c.obj)
                0x000045b4                z_impl_k_sem_take
 .text.z_setup_new_thread
                0x00004600       0x80 zephyr/kernel/libkernel.a(thread.c.obj)
                0x00004600                z_setup_new_thread
 .text.z_dummy_thread_init
                0x00004680       0x14 zephyr/kernel/libkernel.a(thread.c.obj)
                0x00004680                z_dummy_thread_init
 .text.z_impl_k_wakeup
                0x00004694       0x40 zephyr/kernel/libkernel.a(thread.c.obj)
                0x00004694                z_impl_k_wakeup
 .text.z_swap_irqlock
                0x000046d4       0x2c zephyr/kernel/libkernel.a(sched.c.obj)
 .text.unready_thread
                0x00004700       0x58 zephyr/kernel/libkernel.a(sched.c.obj)
 .text.ready_thread
                0x00004758       0x88 zephyr/kernel/libkernel.a(sched.c.obj)
 .text.reschedule.isra.0
                0x000047e0       0x2c zephyr/kernel/libkernel.a(sched.c.obj)
 .text.move_current_to_end_of_prio_q
                0x0000480c       0x74 zephyr/kernel/libkernel.a(sched.c.obj)
                0x0000480c                move_current_to_end_of_prio_q
 .text.z_thread_halt
                0x00004880      0x118 zephyr/kernel/libkernel.a(sched.c.obj)
                0x00004880                z_thread_halt
 .text.z_sched_lock_reschedule
                0x00004998       0x48 zephyr/kernel/libkernel.a(sched.c.obj)
                0x00004998                z_sched_lock_reschedule
 .text.z_sched_yield
                0x000049e0       0x80 zephyr/kernel/libkernel.a(sched.c.obj)
                0x000049e0                z_sched_yield
 .text.z_pend_curr
                0x00004a60       0x50 zephyr/kernel/libkernel.a(sched.c.obj)
                0x00004a60                z_pend_curr
 .text.z_tick_sleep
                0x00004ab0       0x8c zephyr/kernel/libkernel.a(sleep.c.obj)
 .text.z_sched_init
                0x00004b3c       0x14 zephyr/kernel/libkernel.a(scheduler.c.obj)
                0x00004b3c                z_sched_init
 .text.k_sched_lock
                0x00004b50       0x20 zephyr/kernel/libkernel.a(scheduler.c.obj)
                0x00004b50                k_sched_lock
 .text.k_sched_unlock
                0x00004b70       0x1c zephyr/kernel/libkernel.a(scheduler.c.obj)
                0x00004b70                k_sched_unlock
 .text.z_impl_k_sched_current_thread_query
                0x00004b8c        0xc zephyr/kernel/libkernel.a(scheduler.c.obj)
                0x00004b8c                z_impl_k_sched_current_thread_query
 .text.z_time_slice_size
                0x00004b98       0x44 zephyr/kernel/libkernel.a(timeslicing.c.obj)
 .text.slice_timeout
                0x00004bdc       0x20 zephyr/kernel/libkernel.a(timeslicing.c.obj)
 .text.z_time_slice_reset
                0x00004bfc       0x44 zephyr/kernel/libkernel.a(timeslicing.c.obj)
                0x00004bfc                z_time_slice_reset
 .text.z_time_slice
                0x00004c40       0x5c zephyr/kernel/libkernel.a(timeslicing.c.obj)
                0x00004c40                z_time_slice
 .text.first    0x00004c9c       0x10 zephyr/kernel/libkernel.a(timeout.c.obj)
 .text.next_timeout
                0x00004cac       0x34 zephyr/kernel/libkernel.a(timeout.c.obj)
 .text.elapsed  0x00004ce0       0x14 zephyr/kernel/libkernel.a(timeout.c.obj)
 .text.z_add_timeout
                0x00004cf4      0x128 zephyr/kernel/libkernel.a(timeout.c.obj)
                0x00004cf4                z_add_timeout
 .text.z_abort_timeout
                0x00004e1c       0x90 zephyr/kernel/libkernel.a(timeout.c.obj)
                0x00004e1c                z_abort_timeout
 .text.sys_clock_announce_locked
                0x00004eac       0xd0 zephyr/kernel/libkernel.a(timeout.c.obj)
                0x00004eac                sys_clock_announce_locked
 .text.sys_clock_tick_get
                0x00004f7c       0x2c zephyr/kernel/libkernel.a(timeout.c.obj)
                0x00004f7c                sys_clock_tick_get
 .text.z_timer_expiration_handler
                0x00004fa8       0xe8 zephyr/kernel/libkernel.a(timer.c.obj)
                0x00004fa8                z_timer_expiration_handler
 .text.z_impl_k_timer_start
                0x00005090       0x48 zephyr/kernel/libkernel.a(timer.c.obj)
                0x00005090                z_impl_k_timer_start
 .text.z_impl_k_timer_stop
                0x000050d8       0x60 zephyr/kernel/libkernel.a(timer.c.obj)
                0x000050d8                z_impl_k_timer_stop
 .text.__l_vfprintf
                0x00005138      0x484 C:/Users/fyaih/zephyr-sdk-1.0.1/gnu/arm-zephyr-eabi/bin/../lib/gcc/arm-zephyr-eabi/14.3.0/../../../../arm-zephyr-eabi/lib/thumb/v6-m/nofp/space\libc.a(libc_tinystdio_vflprintf.c.o)
                0x00005138                __l_vfprintf
 .text.round    0x000055bc       0x8c C:/Users/fyaih/zephyr-sdk-1.0.1/gnu/arm-zephyr-eabi/bin/../lib/gcc/arm-zephyr-eabi/14.3.0/../../../../arm-zephyr-eabi/lib/thumb/v6-m/nofp/space\libc.a(libm_machine_arm_s_round.c.o)
                0x000055bc                roundl
                0x000055bc                round
 .text.acos     0x00005648      0x3e8 C:/Users/fyaih/zephyr-sdk-1.0.1/gnu/arm-zephyr-eabi/bin/../lib/gcc/arm-zephyr-eabi/14.3.0/../../../../arm-zephyr-eabi/lib/thumb/v6-m/nofp/space\libc.a(libm_math_s_acos.c.o)
                0x00005648                acos
                0x00005648                acosl
 .text.asin     0x00005a30      0x398 C:/Users/fyaih/zephyr-sdk-1.0.1/gnu/arm-zephyr-eabi/bin/../lib/gcc/arm-zephyr-eabi/14.3.0/../../../../arm-zephyr-eabi/lib/thumb/v6-m/nofp/space\libc.a(libm_math_s_asin.c.o)
                0x00005a30                asin
                0x00005a30                asinl
 .text.atan2    0x00005dc8      0x188 C:/Users/fyaih/zephyr-sdk-1.0.1/gnu/arm-zephyr-eabi/bin/../lib/gcc/arm-zephyr-eabi/14.3.0/../../../../arm-zephyr-eabi/lib/thumb/v6-m/nofp/space\libc.a(libm_math_s_atan2.c.o)
                0x00005dc8                atan2
                0x00005dc8                atan2l
 .text.cos      0x00005f50       0x80 C:/Users/fyaih/zephyr-sdk-1.0.1/gnu/arm-zephyr-eabi/bin/../lib/gcc/arm-zephyr-eabi/14.3.0/../../../../arm-zephyr-eabi/lib/thumb/v6-m/nofp/space\libc.a(libm_math_s_cos.c.o)
                0x00005f50                cosl
                0x00005f50                _cos
                0x00005f50                cos
 .text.fmod     0x00005fd0      0x254 C:/Users/fyaih/zephyr-sdk-1.0.1/gnu/arm-zephyr-eabi/bin/../lib/gcc/arm-zephyr-eabi/14.3.0/../../../../arm-zephyr-eabi/lib/thumb/v6-m/nofp/space\libc.a(libm_math_s_fmod.c.o)
                0x00005fd0                fmodl
                0x00005fd0                fmod
 .text.__rem_pio2
                0x00006224      0x3d4 C:/Users/fyaih/zephyr-sdk-1.0.1/gnu/arm-zephyr-eabi/bin/../lib/gcc/arm-zephyr-eabi/14.3.0/../../../../arm-zephyr-eabi/lib/thumb/v6-m/nofp/space\libc.a(libm_math_s_rem_pio2.c.o)
                0x00006224                __rem_pio2
 .text.sin      0x000065f8       0x84 C:/Users/fyaih/zephyr-sdk-1.0.1/gnu/arm-zephyr-eabi/bin/../lib/gcc/arm-zephyr-eabi/14.3.0/../../../../arm-zephyr-eabi/lib/thumb/v6-m/nofp/space\libc.a(libm_math_s_sin.c.o)
                0x000065f8                sin
                0x000065f8                _sin
                0x000065f8                sinl
 .text.tan      0x0000667c       0x58 C:/Users/fyaih/zephyr-sdk-1.0.1/gnu/arm-zephyr-eabi/bin/../lib/gcc/arm-zephyr-eabi/14.3.0/../../../../arm-zephyr-eabi/lib/thumb/v6-m/nofp/space\libc.a(libm_math_s_tan.c.o)
                0x0000667c                tan
                0x0000667c                tanl
 .text.isinf    0x000066d4       0x28 C:/Users/fyaih/zephyr-sdk-1.0.1/gnu/arm-zephyr-eabi/bin/../lib/gcc/arm-zephyr-eabi/14.3.0/../../../../arm-zephyr-eabi/lib/thumb/v6-m/nofp/space\libc.a(libm_common_s_isinf.c.o)
                0x000066d4                __isinfd
                0x000066d4                isinfl
                0x000066d4                __isinfl
                0x000066d4                isinf
 .text.isnan    0x000066fc       0x18 C:/Users/fyaih/zephyr-sdk-1.0.1/gnu/arm-zephyr-eabi/bin/../lib/gcc/arm-zephyr-eabi/14.3.0/../../../../arm-zephyr-eabi/lib/thumb/v6-m/nofp/space\libc.a(libm_common_s_isnan.c.o)
                0x000066fc                isnan
                0x000066fc                isnanl
                0x000066fc                __isnand
                0x000066fc                __isnanl
 .text.__math_invalid
                0x00006714       0x10 C:/Users/fyaih/zephyr-sdk-1.0.1/gnu/arm-zephyr-eabi/bin/../lib/gcc/arm-zephyr-eabi/14.3.0/../../../../arm-zephyr-eabi/lib/thumb/v6-m/nofp/space\libc.a(libm_common_math_err_invalid.c.o)
                0x00006714                __math_invalid
 .text.sqrt     0x00006724      0x164 C:/Users/fyaih/zephyr-sdk-1.0.1/gnu/arm-zephyr-eabi/bin/../lib/gcc/arm-zephyr-eabi/14.3.0/../../../../arm-zephyr-eabi/lib/thumb/v6-m/nofp/space\libc.a(libm_machine_arm_s_sqrt.c.o)
                0x00006724                sqrtl
                0x00006724                sqrt
 .text.__kernel_cos
                0x00006888      0x174 C:/Users/fyaih/zephyr-sdk-1.0.1/gnu/arm-zephyr-eabi/bin/../lib/gcc/arm-zephyr-eabi/14.3.0/../../../../arm-zephyr-eabi/lib/thumb/v6-m/nofp/space\libc.a(libm_math_k_cos.c.o)
                0x00006888                __kernel_cos
 .text.__kernel_rem_pio2
                0x000069fc      0x69c C:/Users/fyaih/zephyr-sdk-1.0.1/gnu/arm-zephyr-eabi/bin/../lib/gcc/arm-zephyr-eabi/14.3.0/../../../../arm-zephyr-eabi/lib/thumb/v6-m/nofp/space\libc.a(libm_math_k_rem_pio2.c.o)
                0x000069fc                __kernel_rem_pio2
 .text.__kernel_sin
                0x00007098      0x150 C:/Users/fyaih/zephyr-sdk-1.0.1/gnu/arm-zephyr-eabi/bin/../lib/gcc/arm-zephyr-eabi/14.3.0/../../../../arm-zephyr-eabi/lib/thumb/v6-m/nofp/space\libc.a(libm_math_k_sin.c.o)
                0x00007098                __kernel_sin
 .text.__kernel_tan
                0x000071e8      0x3b8 C:/Users/fyaih/zephyr-sdk-1.0.1/gnu/arm-zephyr-eabi/bin/../lib/gcc/arm-zephyr-eabi/14.3.0/../../../../arm-zephyr-eabi/lib/thumb/v6-m/nofp/space\libc.a(libm_math_k_tan.c.o)
                0x000071e8                __kernel_tan
 .text.atan     0x000075a0      0x2ec C:/Users/fyaih/zephyr-sdk-1.0.1/gnu/arm-zephyr-eabi/bin/../lib/gcc/arm-zephyr-eabi/14.3.0/../../../../arm-zephyr-eabi/lib/thumb/v6-m/nofp/space\libc.a(libm_math_s_atan.c.o)
                0x000075a0                atan
                0x000075a0                atanl
 .text.scalbn   0x0000788c       0xa8 C:/Users/fyaih/zephyr-sdk-1.0.1/gnu/arm-zephyr-eabi/bin/../lib/gcc/arm-zephyr-eabi/14.3.0/../../../../arm-zephyr-eabi/lib/thumb/v6-m/nofp/space\libc.a(libm_common_s_scalbn.c.o)
                0x0000788c                scalbnl
                0x0000788c                scalbn
                0x0000788c                ldexpl
                0x0000788c                ldexp
 .text.__math_oflow
                0x00007934       0x18 C:/Users/fyaih/zephyr-sdk-1.0.1/gnu/arm-zephyr-eabi/bin/../lib/gcc/arm-zephyr-eabi/14.3.0/../../../../arm-zephyr-eabi/lib/thumb/v6-m/nofp/space\libc.a(libm_common_math_err_oflow.c.o)
                0x00007934                __math_oflow
 .text.floor    0x0000794c       0xac C:/Users/fyaih/zephyr-sdk-1.0.1/gnu/arm-zephyr-eabi/bin/../lib/gcc/arm-zephyr-eabi/14.3.0/../../../../arm-zephyr-eabi/lib/thumb/v6-m/nofp/space\libc.a(libm_machine_arm_s_floor.c.o)
                0x0000794c                floorl
                0x0000794c                floor
 .text._OffsetAbsSyms
                0x000079f8        0x2 zephyr/CMakeFiles/offsets.dir/./arch/arm/core/offsets/offsets.c.obj
                0x000079f8                _OffsetAbsSyms
 .text.pwm_tpm_CnV
                0x000079fa        0xa app/libapp.a(pwm_z42.c.obj)
                0x000079fa                pwm_tpm_CnV
 .text._ZN5MyRTCC2EPK6device
                0x00007a04        0x4 app/libapp.a(rtc.cpp.obj)
                0x00007a04                MyRTC::MyRTC(device const*)
                0x00007a04                MyRTC::MyRTC(device const*)
 .text._ZN5MyRTC4readEv
                0x00007a08       0xa2 app/libapp.a(rtc.cpp.obj)
                0x00007a08                MyRTC::read()
 .text._ZN7TrackerC2Edd
                0x00007aaa       0x18 app/libapp.a(tracker.cpp.obj)
                0x00007aaa                Tracker::Tracker(double, double)
                0x00007aaa                Tracker::Tracker(double, double)
 .text.gpio_pin_set_dt.isra.0
                0x00007ac2       0x2c app/libapp.a(lcd.cpp.obj)
 .text.k_usleep.isra.0
                0x00007aee        0x8 app/libapp.a(lcd.cpp.obj)
 .text.k_msleep.isra.0
                0x00007af6       0x12 app/libapp.a(lcd.cpp.obj)
 .text._ZN3LCDC2ERK12gpio_dt_specS2_S2_S2_S2_S2_
                0x00007b08       0x30 app/libapp.a(lcd.cpp.obj)
                0x00007b08                LCD::LCD(gpio_dt_spec const&, gpio_dt_spec const&, gpio_dt_spec const&, gpio_dt_spec const&, gpio_dt_spec const&, gpio_dt_spec const&)
                0x00007b08                LCD::LCD(gpio_dt_spec const&, gpio_dt_spec const&, gpio_dt_spec const&, gpio_dt_spec const&, gpio_dt_spec const&, gpio_dt_spec const&)
 .text._ZN3LCD11pulseEnableEv
                0x00007b38       0x30 app/libapp.a(lcd.cpp.obj)
                0x00007b38                LCD::pulseEnable()
 .text._ZN3LCD10write4bitsEh
                0x00007b68       0x3c app/libapp.a(lcd.cpp.obj)
                0x00007b68                LCD::write4bits(unsigned char)
 .text._ZN3LCD4sendEhb
                0x00007ba4       0x20 app/libapp.a(lcd.cpp.obj)
                0x00007ba4                LCD::send(unsigned char, bool)
 .text._ZN3LCD11sendCommandEh
                0x00007bc4        0xa app/libapp.a(lcd.cpp.obj)
                0x00007bc4                LCD::sendCommand(unsigned char)
 .text.chunk_size
                0x00007bce        0xa zephyr/libzephyr.a(heap.c.obj)
 .text.free_list_add
                0x00007bd8       0x4e zephyr/libzephyr.a(heap.c.obj)
 .text.sys_heap_init
                0x00007c26       0x80 zephyr/libzephyr.a(heap.c.obj)
                0x00007c26                sys_heap_init
 .text.arch_printk_char_out
                0x00007ca6        0x4 zephyr/libzephyr.a(printk.c.obj)
                0x00007ca6                arch_printk_char_out
 .text.printk   0x00007caa       0x16 zephyr/libzephyr.a(printk.c.obj)
                0x00007caa                printk
 .text.z_impl_atomic_add
                0x00007cc0       0x1a zephyr/libzephyr.a(atomic_c.c.obj)
                0x00007cc0                z_impl_atomic_add
 .text.z_impl_atomic_sub
                0x00007cda       0x1a zephyr/libzephyr.a(atomic_c.c.obj)
                0x00007cda                z_impl_atomic_sub
 .text.z_impl_atomic_set
                0x00007cf4       0x18 zephyr/libzephyr.a(atomic_c.c.obj)
                0x00007cf4                z_impl_atomic_set
 .text._ConfigAbsSyms
                0x00007d0c        0x2 zephyr/libzephyr.a(configs.c.obj)
                0x00007d0c                _ConfigAbsSyms
 .text.soc_early_init_hook
                0x00007d0e        0x8 zephyr/libzephyr.a(soc.c.obj)
                0x00007d0e                soc_early_init_hook
 .text.soc_reset_hook
                0x00007d16        0x8 zephyr/libzephyr.a(soc.c.obj)
                0x00007d16                soc_reset_hook
 .text.arch_early_memset
                0x00007d1e        0x8 zephyr/arch/common/libarch__common.a(init.c.obj)
                0x00007d1e                arch_early_memset
 .text.arch_early_memcpy
                0x00007d26        0x8 zephyr/arch/common/libarch__common.a(init.c.obj)
                0x00007d26                arch_early_memcpy
 .text.z_do_kernel_oops
                0x00007d2e        0xc zephyr/arch/arch/arm/core/libarch__arm__core.a(fatal.c.obj)
                0x00007d2e                z_do_kernel_oops
 .text.z_arm_nmi
                0x00007d3a        0xc zephyr/arch/arch/arm/core/libarch__arm__core.a(nmi.c.obj)
                0x00007d3a                z_arm_nmi
 .text.z_irq_spurious
                0x00007d46        0xc zephyr/arch/arch/arm/core/cortex_m/libarch__arm__core__cortex_m.a(irq_manage.c.obj)
                0x00007d46                z_irq_spurious
 .text.z_prep_c
                0x00007d52       0x16 zephyr/arch/arch/arm/core/cortex_m/libarch__arm__core__cortex_m.a(prep_c.c.obj)
                0x00007d52                z_prep_c
 .text.arch_coprocessors_disable
                0x00007d68        0x6 zephyr/arch/arch/arm/core/cortex_m/libarch__arm__core__cortex_m.a(thread.c.obj)
                0x00007d68                arch_coprocessors_disable
 .text.arch_irq_unlock_outlined
                0x00007d6e        0xc zephyr/arch/arch/arm/core/cortex_m/libarch__arm__core__cortex_m.a(thread.c.obj)
                0x00007d6e                arch_irq_unlock_outlined
 .text.arch_cpu_idle
                0x00007d7a        0xe zephyr/arch/arch/arm/core/cortex_m/libarch__arm__core__cortex_m.a(cpu_idle.c.obj)
                0x00007d7a                arch_cpu_idle
 .text.picolibc_put
                0x00007d88        0xa zephyr/lib/libc/picolibc/liblib__libc__picolibc.a(stdio.c.obj)
 .text.mcux_adc16_start_channel
                0x00007d92       0x42 zephyr/drivers/adc/libdrivers__adc.a(adc_mcux_adc16.c.obj)
 .text.adc_context_start_sampling
                0x00007dd4       0x1e zephyr/drivers/adc/libdrivers__adc.a(adc_mcux_adc16.c.obj)
 .text.mcux_adc16_config_func_0
                0x00007df2       0x14 zephyr/drivers/adc/libdrivers__adc.a(adc_mcux_adc16.c.obj)
 .text.adc_context_on_timer_expired
                0x00007e06       0x20 zephyr/drivers/adc/libdrivers__adc.a(adc_mcux_adc16.c.obj)
 .text.mcux_adc16_read
                0x00007e26      0x13e zephyr/drivers/adc/libdrivers__adc.a(adc_mcux_adc16.c.obj)
 .text.mcux_adc16_isr
                0x00007f64       0xaa zephyr/drivers/adc/libdrivers__adc.a(adc_mcux_adc16.c.obj)
 .text.mcux_adc16_init
                0x0000800e       0x82 zephyr/drivers/adc/libdrivers__adc.a(adc_mcux_adc16.c.obj)
 .text.mcux_mcg_on
                0x00008090        0x4 zephyr/drivers/clock_control/libdrivers__clock_control.a(clock_control_mcux_mcg.c.obj)
 .text.mcux_mcg_get_rate
                0x00008094       0x24 zephyr/drivers/clock_control/libdrivers__clock_control.a(clock_control_mcux_mcg.c.obj)
 .text.mcux_mcg_off
                0x000080b8        0x4 zephyr/drivers/clock_control/libdrivers__clock_control.a(clock_control_mcux_mcg.c.obj)
 .text.mcux_sim_init
                0x000080bc        0x4 zephyr/drivers/clock_control/libdrivers__clock_control.a(clock_control_mcux_sim.c.obj)
 .text.mcux_sim_get_subsys_rate
                0x000080c0       0x1c zephyr/drivers/clock_control/libdrivers__clock_control.a(clock_control_mcux_sim.c.obj)
 .text.clock_control_on
                0x000080dc       0x14 zephyr/drivers/gpio/libdrivers__gpio.a(gpio_mcux.c.obj)
 .text.reset_line_deassert_dt
                0x000080f0       0x18 zephyr/drivers/gpio/libdrivers__gpio.a(gpio_mcux.c.obj)
 .text.gpio_mcux_port_get_raw
                0x00008108        0xc zephyr/drivers/gpio/libdrivers__gpio.a(gpio_mcux.c.obj)
 .text.gpio_mcux_port_set_masked_raw
                0x00008114       0x12 zephyr/drivers/gpio/libdrivers__gpio.a(gpio_mcux.c.obj)
 .text.gpio_mcux_port_set_bits_raw
                0x00008126        0xa zephyr/drivers/gpio/libdrivers__gpio.a(gpio_mcux.c.obj)
 .text.gpio_mcux_port_clear_bits_raw
                0x00008130        0xa zephyr/drivers/gpio/libdrivers__gpio.a(gpio_mcux.c.obj)
 .text.gpio_mcux_port_toggle_bits
                0x0000813a        0xa zephyr/drivers/gpio/libdrivers__gpio.a(gpio_mcux.c.obj)
 .text.gpio_mcux_manage_callback
                0x00008144       0x5a zephyr/drivers/gpio/libdrivers__gpio.a(gpio_mcux.c.obj)
 .text.gpio_mcux_port_isr
                0x0000819e       0x3a zephyr/drivers/gpio/libdrivers__gpio.a(gpio_mcux.c.obj)
 .text.gpio_mcux_port2_init
                0x000081d8       0x56 zephyr/drivers/gpio/libdrivers__gpio.a(gpio_mcux.c.obj)
 .text.gpio_mcux_port1_init
                0x0000822e       0x40 zephyr/drivers/gpio/libdrivers__gpio.a(gpio_mcux.c.obj)
 .text.gpio_mcux_port0_init
                0x0000826e       0x56 zephyr/drivers/gpio/libdrivers__gpio.a(gpio_mcux.c.obj)
 .text.i2c_mcux_config_func_0
                0x000082c4       0x14 zephyr/drivers/i2c/libdrivers__i2c.a(i2c_mcux.c.obj)
 .text.i2c_mcux_isr
                0x000082d8        0xe zephyr/drivers/i2c/libdrivers__i2c.a(i2c_mcux.c.obj)
 .text.i2c_mcux_transfer
                0x000082e6       0xbc zephyr/drivers/i2c/libdrivers__i2c.a(i2c_mcux.c.obj)
 .text.i2c_mcux_master_transfer_callback
                0x000083a2        0xe zephyr/drivers/i2c/libdrivers__i2c.a(i2c_mcux.c.obj)
 .text.pinctrl_lookup_state
                0x000083b0       0x26 zephyr/drivers/pinctrl/libdrivers__pinctrl.a(common.c.obj)
                0x000083b0                pinctrl_lookup_state
 .text.pinctrl_mcux_init
                0x000083d6       0x28 zephyr/drivers/pinctrl/libdrivers__pinctrl.a(pinctrl_nxp_port.c.obj)
 .text.mcux_lpsci_poll_out
                0x000083fe       0x18 zephyr/drivers/serial/libdrivers__serial.a(uart_mcux_lpsci.c.obj)
 .text.mcux_lpsci_poll_in
                0x00008416       0x20 zephyr/drivers/serial/libdrivers__serial.a(uart_mcux_lpsci.c.obj)
 .text.mcux_lpsci_err_check
                0x00008436       0x2a zephyr/drivers/serial/libdrivers__serial.a(uart_mcux_lpsci.c.obj)
 .text.mcux_lpsci_init
                0x00008460       0x6e zephyr/drivers/serial/libdrivers__serial.a(uart_mcux_lpsci.c.obj)
 .text.CLOCK_GetFixedFreqClkFreq
                0x000084ce       0x1a modules/hal_nxp/libmodules__hal_nxp.a(fsl_clock.c.obj)
                0x000084ce                CLOCK_GetFixedFreqClkFreq
 .text.ADC16_GetDefaultConfig
                0x000084e8       0x1e modules/hal_nxp/libmodules__hal_nxp.a(fsl_adc16.c.obj)
                0x000084e8                ADC16_GetDefaultConfig
 .text.ADC16_SetChannelMuxMode
                0x00008506       0x14 modules/hal_nxp/libmodules__hal_nxp.a(fsl_adc16.c.obj)
                0x00008506                ADC16_SetChannelMuxMode
 .text.ADC16_SetHardwareAverage
                0x0000851a       0x18 modules/hal_nxp/libmodules__hal_nxp.a(fsl_adc16.c.obj)
                0x0000851a                ADC16_SetHardwareAverage
 .text.ADC16_GetStatusFlags
                0x00008532       0x14 modules/hal_nxp/libmodules__hal_nxp.a(fsl_adc16.c.obj)
                0x00008532                ADC16_GetStatusFlags
 .text.ADC16_DoAutoCalibration
                0x00008546       0x98 modules/hal_nxp/libmodules__hal_nxp.a(fsl_adc16.c.obj)
                0x00008546                ADC16_DoAutoCalibration
 .text.ADC16_SetChannelConfig
                0x000085de       0x1a modules/hal_nxp/libmodules__hal_nxp.a(fsl_adc16.c.obj)
                0x000085de                ADC16_SetChannelConfig
 .text.I2C_MasterStop
                0x000085f8       0x18 modules/hal_nxp/libmodules__hal_nxp.a(fsl_i2c.c.obj)
                0x000085f8                I2C_MasterStop
 .text.I2C_MasterGetStatusFlags
                0x00008610       0x14 modules/hal_nxp/libmodules__hal_nxp.a(fsl_i2c.c.obj)
                0x00008610                I2C_MasterGetStatusFlags
 .text.LPSCI_GetDefaultConfig
                0x00008624       0x16 modules/hal_nxp/libmodules__hal_nxp.a(fsl_lpsci.c.obj)
                0x00008624                LPSCI_GetDefaultConfig
 .text.LPSCI_GetStatusFlags
                0x0000863a        0xa modules/hal_nxp/libmodules__hal_nxp.a(fsl_lpsci.c.obj)
                0x0000863a                LPSCI_GetStatusFlags
 .text.do_device_init
                0x00008644       0x32 zephyr/kernel/libkernel.a(device.c.obj)
                0x00008644                do_device_init
 .text.z_impl_device_is_ready
                0x00008676       0x18 zephyr/kernel/libkernel.a(device.c.obj)
                0x00008676                z_impl_device_is_ready
 .text.arch_system_halt
                0x0000868e        0x8 zephyr/kernel/libkernel.a(fatal.c.obj)
                0x0000868e                arch_system_halt
 .text.k_sys_fatal_error_handler
                0x00008696        0x6 zephyr/kernel/libkernel.a(fatal.c.obj)
                0x00008696                k_sys_fatal_error_handler
 .text.idle     0x0000869c        0xe zephyr/kernel/libkernel.a(idle.c.obj)
                0x0000869c                idle
 .text.z_impl_k_sem_init
                0x000086aa       0x1a zephyr/kernel/libkernel.a(sem.c.obj)
                0x000086aa                z_impl_k_sem_init
 .text.z_thread_abort
                0x000086c4       0x34 zephyr/kernel/libkernel.a(thread.c.obj)
                0x000086c4                z_thread_abort
 .text.z_impl_k_yield
                0x000086f8        0x8 zephyr/kernel/libkernel.a(thread.c.obj)
                0x000086f8                z_impl_k_yield
 .text.sys_dlist_remove
                0x00008700       0x10 zephyr/kernel/libkernel.a(sched.c.obj)
 .text.unpend_thread_no_timeout
                0x00008710       0x16 zephyr/kernel/libkernel.a(sched.c.obj)
 .text.add_to_waitq_locked
                0x00008726       0x4e zephyr/kernel/libkernel.a(sched.c.obj)
 .text.z_ready_thread
                0x00008774       0x18 zephyr/kernel/libkernel.a(sched.c.obj)
                0x00008774                z_ready_thread
 .text.z_sched_ready_locked
                0x0000878c        0x8 zephyr/kernel/libkernel.a(sched.c.obj)
                0x0000878c                z_sched_ready_locked
 .text.z_sched_unready_locked
                0x00008794        0x8 zephyr/kernel/libkernel.a(sched.c.obj)
                0x00008794                z_sched_unready_locked
 .text.z_unpend_thread_no_timeout
                0x0000879c       0x1e zephyr/kernel/libkernel.a(sched.c.obj)
                0x0000879c                z_unpend_thread_no_timeout
 .text.z_sched_wake_thread_locked
                0x000087ba       0x26 zephyr/kernel/libkernel.a(sched.c.obj)
                0x000087ba                z_sched_wake_thread_locked
 .text.z_thread_timeout
                0x000087e0       0x2c zephyr/kernel/libkernel.a(sched.c.obj)
                0x000087e0                z_thread_timeout
 .text.z_unpend1_no_timeout
                0x0000880c       0x2a zephyr/kernel/libkernel.a(sched.c.obj)
                0x0000880c                z_unpend1_no_timeout
 .text.z_reschedule
                0x00008836        0xa zephyr/kernel/libkernel.a(sched.c.obj)
                0x00008836                z_reschedule
 .text.z_impl_k_sleep
                0x00008840       0x2c zephyr/kernel/libkernel.a(sleep.c.obj)
                0x00008840                z_impl_k_sleep
 .text.z_impl_k_usleep
                0x0000886c       0x22 zephyr/kernel/libkernel.a(sleep.c.obj)
                0x0000886c                z_impl_k_usleep
 .text.sys_clock_tick_get_32
                0x0000888e        0x8 zephyr/kernel/libkernel.a(timeout.c.obj)
                0x0000888e                sys_clock_tick_get_32
 .text.z_impl_k_uptime_ticks
                0x00008896        0x8 zephyr/kernel/libkernel.a(timeout.c.obj)
                0x00008896                z_impl_k_uptime_ticks
 .text.memcpy   0x0000889e       0x12 C:/Users/fyaih/zephyr-sdk-1.0.1/gnu/arm-zephyr-eabi/bin/../lib/gcc/arm-zephyr-eabi/14.3.0/../../../../arm-zephyr-eabi/lib/thumb/v6-m/nofp/space\libc.a(memcpy.c.o)
                0x0000889e                __aeabi_memcpy
                0x0000889e                __aeabi_memcpy4
                0x0000889e                __aeabi_memcpy8
                0x0000889e                memcpy
 .text.memset   0x000088b0       0x10 C:/Users/fyaih/zephyr-sdk-1.0.1/gnu/arm-zephyr-eabi/bin/../lib/gcc/arm-zephyr-eabi/14.3.0/../../../../arm-zephyr-eabi/lib/thumb/v6-m/nofp/space\libc.a(memset.c.o)
                0x000088b0                memset
 .text.strnlen  0x000088c0       0x16 C:/Users/fyaih/zephyr-sdk-1.0.1/gnu/arm-zephyr-eabi/bin/../lib/gcc/arm-zephyr-eabi/14.3.0/../../../../arm-zephyr-eabi/lib/thumb/v6-m/nofp/space\libc.a(libc_string_strnlen.c.o)
                0x000088c0                strnlen
 .text.__ultoa_invert
                0x000088d6      0x10e C:/Users/fyaih/zephyr-sdk-1.0.1/gnu/arm-zephyr-eabi/bin/../lib/gcc/arm-zephyr-eabi/14.3.0/../../../../arm-zephyr-eabi/lib/thumb/v6-m/nofp/space\libc.a(libc_tinystdio_vflprintf.c.o)
 .text.__math_uflow
                0x000089e4       0x12 C:/Users/fyaih/zephyr-sdk-1.0.1/gnu/arm-zephyr-eabi/bin/../lib/gcc/arm-zephyr-eabi/14.3.0/../../../../arm-zephyr-eabi/lib/thumb/v6-m/nofp/space\libc.a(libm_common_math_err_uflow.c.o)
                0x000089e4                __math_uflow
 *(SORT_BY_ALIGNMENT(.gnu.linkonce.t.*))
 *(SORT_BY_ALIGNMENT(.glue_7t))
 .glue_7t       0x000089f6        0x0 linker stubs
 *(SORT_BY_ALIGNMENT(.glue_7))
 .glue_7        0x000089f6        0x0 linker stubs
 *(SORT_BY_ALIGNMENT(.vfp11_veneer))
 .vfp11_veneer  0x000089f6        0x0 linker stubs
 *(SORT_BY_ALIGNMENT(.v4_bx))
 .v4_bx         0x000089f6        0x0 linker stubs
                0x000089f8                        . = ALIGN (0x4)
 *fill*         0x000089f6        0x2 
                0x000089f8                        __text_region_end = .

.ARM.exidx      0x000089f8        0x8
                0x000089f8                        __exidx_start = .
 *(SORT_BY_ALIGNMENT(.ARM.exidx*) SORT_BY_ALIGNMENT(gnu.linkonce.armexidx.*))
 .ARM.exidx     0x000089f8        0x8 C:/Users/fyaih/zephyr-sdk-1.0.1/gnu/arm-zephyr-eabi/bin/../lib/gcc/arm-zephyr-eabi/14.3.0/thumb/v6-m/nofp/space\libgcc.a(_udivmoddi4.o)
                0x00008a00                        __exidx_end = .
                0x00008a00                        __rodata_region_start = .

initlevel       0x00008a00       0x88
                0x00008a00                        __init_start = .
                0x00008a00                        __init_EARLY_start = .
 *(SORT_BY_NAME(SORT_BY_ALIGNMENT(.z_init_EARLY_P_?_*)))
 *(SORT_BY_NAME(SORT_BY_ALIGNMENT(.z_init_EARLY_P_??_*)))
 *(SORT_BY_NAME(SORT_BY_ALIGNMENT(.z_init_EARLY_P_???_*)))
                0x00008a00                        __init_PRE_KERNEL_1_start = .
 *(SORT_BY_NAME(SORT_BY_ALIGNMENT(.z_init_PRE_KERNEL_1_P_?_*)))
 *(SORT_BY_NAME(SORT_BY_ALIGNMENT(.z_init_PRE_KERNEL_1_P_??_*)))
 .z_init_PRE_KERNEL_1_P_30_SUB_00007_
                0x00008a00        0x8 zephyr/drivers/clock_control/libdrivers__clock_control.a(clock_control_mcux_sim.c.obj)
 .z_init_PRE_KERNEL_1_P_30_SUB_00046_
                0x00008a08        0x8 zephyr/drivers/clock_control/libdrivers__clock_control.a(clock_control_mcux_mcg.c.obj)
 .z_init_PRE_KERNEL_1_P_40_SUB_00008_
                0x00008a10        0x8 zephyr/drivers/pinctrl/libdrivers__pinctrl.a(pinctrl_nxp_port.c.obj)
 .z_init_PRE_KERNEL_1_P_40_SUB_00010_
                0x00008a18        0x8 zephyr/drivers/pinctrl/libdrivers__pinctrl.a(pinctrl_nxp_port.c.obj)
 .z_init_PRE_KERNEL_1_P_40_SUB_00018_
                0x00008a20        0x8 zephyr/drivers/pinctrl/libdrivers__pinctrl.a(pinctrl_nxp_port.c.obj)
 .z_init_PRE_KERNEL_1_P_40_SUB_00031_
                0x00008a28        0x8 zephyr/drivers/pinctrl/libdrivers__pinctrl.a(pinctrl_nxp_port.c.obj)
 .z_init_PRE_KERNEL_1_P_40_SUB_00033_
                0x00008a30        0x8 zephyr/drivers/pinctrl/libdrivers__pinctrl.a(pinctrl_nxp_port.c.obj)
 .z_init_PRE_KERNEL_1_P_50_SUB_00038_
                0x00008a38        0x8 zephyr/drivers/serial/libdrivers__serial.a(uart_mcux_lpsci.c.obj)
 .z_init_PRE_KERNEL_1_P_60_SUB_0_
                0x00008a40        0x8 zephyr/drivers/console/libdrivers__console.a(uart_console.c.obj)
 *(SORT_BY_NAME(SORT_BY_ALIGNMENT(.z_init_PRE_KERNEL_1_P_???_*)))
                0x00008a48                        __init_PRE_KERNEL_2_start = .
 *(SORT_BY_NAME(SORT_BY_ALIGNMENT(.z_init_PRE_KERNEL_2_P_?_*)))
 .z_init_PRE_KERNEL_2_P_0_SUB_0_
                0x00008a48        0x8 zephyr/drivers/timer/libdrivers__timer.a(cortex_m_systick.c.obj)
 *(SORT_BY_NAME(SORT_BY_ALIGNMENT(.z_init_PRE_KERNEL_2_P_??_*)))
 *(SORT_BY_NAME(SORT_BY_ALIGNMENT(.z_init_PRE_KERNEL_2_P_???_*)))
                0x00008a50                        __init_POST_KERNEL_start = .
 *(SORT_BY_NAME(SORT_BY_ALIGNMENT(.z_init_POST_KERNEL_P_?_*)))
 *(SORT_BY_NAME(SORT_BY_ALIGNMENT(.z_init_POST_KERNEL_P_??_*)))
 .z_init_POST_KERNEL_P_35_SUB_0_
                0x00008a50        0x8 zephyr/lib/libc/common/liblib__libc__common.a(malloc.c.obj)
 .z_init_POST_KERNEL_P_40_SUB_00009_
                0x00008a58        0x8 zephyr/drivers/gpio/libdrivers__gpio.a(gpio_mcux.c.obj)
 .z_init_POST_KERNEL_P_40_SUB_00011_
                0x00008a60        0x8 zephyr/drivers/gpio/libdrivers__gpio.a(gpio_mcux.c.obj)
 .z_init_POST_KERNEL_P_40_SUB_00019_
                0x00008a68        0x8 zephyr/drivers/gpio/libdrivers__gpio.a(gpio_mcux.c.obj)
 .z_init_POST_KERNEL_P_50_SUB_00040_
                0x00008a70        0x8 zephyr/drivers/adc/libdrivers__adc.a(adc_mcux_adc16.c.obj)
 .z_init_POST_KERNEL_P_50_SUB_00044_
                0x00008a78        0x8 zephyr/drivers/i2c/libdrivers__i2c.a(i2c_mcux.c.obj)
 *(SORT_BY_NAME(SORT_BY_ALIGNMENT(.z_init_POST_KERNEL_P_???_*)))
                0x00008a80                        __init_APPLICATION_start = .
 *(SORT_BY_NAME(SORT_BY_ALIGNMENT(.z_init_APPLICATION_P_?_*)))
 .z_init_APPLICATION_P_0_SUB_0_
                0x00008a80        0x8 zephyr/libzephyr.a(boot_banner.c.obj)
 *(SORT_BY_NAME(SORT_BY_ALIGNMENT(.z_init_APPLICATION_P_??_*)))
 *(SORT_BY_NAME(SORT_BY_ALIGNMENT(.z_init_APPLICATION_P_???_*)))
                0x00008a88                        __init_SMP_start = .
 *(SORT_BY_NAME(SORT_BY_ALIGNMENT(.z_init_SMP_P_?_*)))
 *(SORT_BY_NAME(SORT_BY_ALIGNMENT(.z_init_SMP_P_??_*)))
 *(SORT_BY_NAME(SORT_BY_ALIGNMENT(.z_init_SMP_P_???_*)))
                0x00008a88                        __init_end = .

device_area     0x00008a88      0x16c
                0x00008a88                        _device_list_start = .
 *(SORT_BY_NAME(SORT_BY_ALIGNMENT(._device.static.*_?_*)))
 *(SORT_BY_NAME(SORT_BY_ALIGNMENT(._device.static.*_??_*)))
 ._device.static.1_30_
                0x00008a88       0x1c zephyr/drivers/clock_control/libdrivers__clock_control.a(clock_control_mcux_mcg.c.obj)
                0x00008a88                __device_dts_ord_46
 ._device.static.1_30_
                0x00008aa4       0x1c zephyr/drivers/clock_control/libdrivers__clock_control.a(clock_control_mcux_sim.c.obj)
                0x00008aa4                __device_dts_ord_7
 ._device.static.1_40_
                0x00008ac0       0x8c zephyr/drivers/pinctrl/libdrivers__pinctrl.a(pinctrl_nxp_port.c.obj)
                0x00008ac0                __device_dts_ord_33
                0x00008adc                __device_dts_ord_10
                0x00008af8                __device_dts_ord_31
                0x00008b14                __device_dts_ord_18
                0x00008b30                __device_dts_ord_8
 ._device.static.1_50_
                0x00008b4c       0x1c zephyr/drivers/serial/libdrivers__serial.a(uart_mcux_lpsci.c.obj)
                0x00008b4c                __device_dts_ord_38
 ._device.static.3_40_
                0x00008b68       0x54 zephyr/drivers/gpio/libdrivers__gpio.a(gpio_mcux.c.obj)
                0x00008b68                __device_dts_ord_11
                0x00008b84                __device_dts_ord_19
                0x00008ba0                __device_dts_ord_9
 ._device.static.3_50_
                0x00008bbc       0x1c zephyr/drivers/adc/libdrivers__adc.a(adc_mcux_adc16.c.obj)
                0x00008bbc                __device_dts_ord_40
 ._device.static.3_50_
                0x00008bd8       0x1c zephyr/drivers/i2c/libdrivers__i2c.a(i2c_mcux.c.obj)
                0x00008bd8                __device_dts_ord_44
 *(SORT_BY_NAME(SORT_BY_ALIGNMENT(._device.static.*_???_*)))
 *(SORT_BY_NAME(SORT_BY_ALIGNMENT(._device.static.*_????_*)))
 *(SORT_BY_NAME(SORT_BY_ALIGNMENT(._device.static.*_?????_*)))
                0x00008bf4                        _device_list_end = .

sw_isr_table    0x00008bf4      0x100
                0x00008bf4                        . = ALIGN (0x4)
 *(SORT_BY_ALIGNMENT(.gnu.linkonce.sw_isr_table*))
 .gnu.linkonce.sw_isr_table
                0x00008bf4      0x100 zephyr/arch/common/libisr_tables.a(isr_tables.c.obj)
                0x00008bf4                _sw_isr_table

initlevel_error
 *(SORT_BY_NAME(SORT_BY_ALIGNMENT(.z_init_*)))
                0x00000001                        ASSERT ((SIZEOF (initlevel_error) == 0x0), Undefined initialization levels used.)

app_shmem_regions
                0x00008cf4        0x0
                0x00008cf4                        __app_shmem_regions_start = .
 *(SORT_BY_NAME(SORT_BY_ALIGNMENT(.app_regions.*)))
                0x00008cf4                        __app_shmem_regions_end = .

k_p4wq_initparam_area
                0x00008cf4        0x0
                0x00008cf4                        _k_p4wq_initparam_list_start = .
 *(SORT_BY_NAME(SORT_BY_ALIGNMENT(._k_p4wq_initparam.static.*)))
                0x00008cf4                        _k_p4wq_initparam_list_end = .

_static_thread_data_area
                0x00008cf4        0x0
                0x00008cf4                        __static_thread_data_list_start = .
 *(SORT_BY_NAME(SORT_BY_ALIGNMENT(.__static_thread_data.static.*)))
                0x00008cf4                        __static_thread_data_list_end = .

device_deps     0x00008cf4        0x0
                0x00008cf4                        __device_deps_start = .
 *(SORT_BY_NAME(SORT_BY_ALIGNMENT(.__device_deps_pass2*)))
                0x00008cf4                        __device_deps_end = .

device_api_area
                0x00008cf4       0x94
                0x00008cf4                        _adc_driver_api_list_start = .
 *(SORT_BY_NAME(SORT_BY_ALIGNMENT(._adc_driver_api.static.*)))
 ._adc_driver_api.static.mcux_adc16_driver_api_
                0x00008cf4        0xc zephyr/drivers/adc/libdrivers__adc.a(adc_mcux_adc16.c.obj)
                0x00008d00                        _adc_driver_api_list_end = .
                0x00008d00                        _adc_driver_api_ext_end = .
                0x00008d00                        _gpio_driver_api_list_start = .
 *(SORT_BY_NAME(SORT_BY_ALIGNMENT(._gpio_driver_api.static.*)))
 ._gpio_driver_api.static.gpio_mcux_driver_api_
                0x00008d00       0x24 zephyr/drivers/gpio/libdrivers__gpio.a(gpio_mcux.c.obj)
                0x00008d24                        _gpio_driver_api_list_end = .
                0x00008d24                        _gpio_driver_api_ext_end = .
                0x00008d24                        _i2c_driver_api_list_start = .
 *(SORT_BY_NAME(SORT_BY_ALIGNMENT(._i2c_driver_api.static.*)))
 ._i2c_driver_api.static.i2c_mcux_driver_api_
                0x00008d24       0x18 zephyr/drivers/i2c/libdrivers__i2c.a(i2c_mcux.c.obj)
                0x00008d3c                        _i2c_driver_api_list_end = .
                0x00008d3c                        _i3c_driver_api_list_start = .
 *(SORT_BY_NAME(SORT_BY_ALIGNMENT(._i3c_driver_api.static.*)))
                0x00008d3c                        _i3c_driver_api_list_end = .
                0x00008d3c                        _i3c_driver_api_ext_end = .
                0x00008d3c                        _i2c_driver_api_ext_end = .
                0x00008d3c                        _i2c_target_driver_api_list_start = .
 *(SORT_BY_NAME(SORT_BY_ALIGNMENT(._i2c_target_driver_api.static.*)))
                0x00008d3c                        _i2c_target_driver_api_list_end = .
                0x00008d3c                        _i2c_target_driver_api_ext_end = .
                0x00008d3c                        _shared_irq_driver_api_list_start = .
 *(SORT_BY_NAME(SORT_BY_ALIGNMENT(._shared_irq_driver_api.static.*)))
                0x00008d3c                        _shared_irq_driver_api_list_end = .
                0x00008d3c                        _shared_irq_driver_api_ext_end = .
                0x00008d3c                        _audio_codec_driver_api_list_start = .
 *(SORT_BY_NAME(SORT_BY_ALIGNMENT(._audio_codec_driver_api.static.*)))
                0x00008d3c                        _audio_codec_driver_api_list_end = .
                0x00008d3c                        _audio_codec_driver_api_ext_end = .
                0x00008d3c                        _dmic_driver_api_list_start = .
 *(SORT_BY_NAME(SORT_BY_ALIGNMENT(._dmic_driver_api.static.*)))
                0x00008d3c                        _dmic_driver_api_list_end = .
                0x00008d3c                        _dmic_driver_api_ext_end = .
                0x00008d3c                        _crypto_driver_api_list_start = .
 *(SORT_BY_NAME(SORT_BY_ALIGNMENT(._crypto_driver_api.static.*)))
                0x00008d3c                        _crypto_driver_api_list_end = .
                0x00008d3c                        _crypto_driver_api_ext_end = .
                0x00008d3c                        _auxdisplay_driver_api_list_start = .
 *(SORT_BY_NAME(SORT_BY_ALIGNMENT(._auxdisplay_driver_api.static.*)))
                0x00008d3c                        _auxdisplay_driver_api_list_end = .
                0x00008d3c                        _auxdisplay_driver_api_ext_end = .
                0x00008d3c                        _bbram_driver_api_list_start = .
 *(SORT_BY_NAME(SORT_BY_ALIGNMENT(._bbram_driver_api.static.*)))
                0x00008d3c                        _bbram_driver_api_list_end = .
                0x00008d3c                        _bbram_driver_api_ext_end = .
                0x00008d3c                        _biometric_driver_api_list_start = .
 *(SORT_BY_NAME(SORT_BY_ALIGNMENT(._biometric_driver_api.static.*)))
                0x00008d3c                        _biometric_driver_api_list_end = .
                0x00008d3c                        _biometric_driver_api_ext_end = .
                0x00008d3c                        _bt_hci_driver_api_list_start = .
 *(SORT_BY_NAME(SORT_BY_ALIGNMENT(._bt_hci_driver_api.static.*)))
                0x00008d3c                        _bt_hci_driver_api_list_end = .
                0x00008d3c                        _bt_hci_driver_api_ext_end = .
                0x00008d3c                        _buzzer_driver_api_list_start = .
 *(SORT_BY_NAME(SORT_BY_ALIGNMENT(._buzzer_driver_api.static.*)))
                0x00008d3c                        _buzzer_driver_api_list_end = .
                0x00008d3c                        _buzzer_driver_api_ext_end = .
                0x00008d3c                        _can_driver_api_list_start = .
 *(SORT_BY_NAME(SORT_BY_ALIGNMENT(._can_driver_api.static.*)))
                0x00008d3c                        _can_driver_api_list_end = .
                0x00008d3c                        _can_driver_api_ext_end = .
                0x00008d3c                        _cellular_driver_api_list_start = .
 *(SORT_BY_NAME(SORT_BY_ALIGNMENT(._cellular_driver_api.static.*)))
                0x00008d3c                        _cellular_driver_api_list_end = .
                0x00008d3c                        _cellular_driver_api_ext_end = .
                0x00008d3c                        _charger_driver_api_list_start = .
 *(SORT_BY_NAME(SORT_BY_ALIGNMENT(._charger_driver_api.static.*)))
                0x00008d3c                        _charger_driver_api_list_end = .
                0x00008d3c                        _charger_driver_api_ext_end = .
                0x00008d3c                        _clock_control_driver_api_list_start = .
 *(SORT_BY_NAME(SORT_BY_ALIGNMENT(._clock_control_driver_api.static.*)))
 ._clock_control_driver_api.static.mcux_mcg_driver_api_
                0x00008d3c       0x1c zephyr/drivers/clock_control/libdrivers__clock_control.a(clock_control_mcux_mcg.c.obj)
 ._clock_control_driver_api.static.mcux_sim_driver_api_
                0x00008d58       0x1c zephyr/drivers/clock_control/libdrivers__clock_control.a(clock_control_mcux_sim.c.obj)
                0x00008d74                        _clock_control_driver_api_list_end = .
                0x00008d74                        _nrf_clock_control_driver_api_list_start = .
 *(SORT_BY_NAME(SORT_BY_ALIGNMENT(._nrf_clock_control_driver_api.static.*)))
                0x00008d74                        _nrf_clock_control_driver_api_list_end = .
                0x00008d74                        _nrf_clock_control_driver_api_ext_end = .
                0x00008d74                        _clock_control_driver_api_ext_end = .
                0x00008d74                        _comparator_driver_api_list_start = .
 *(SORT_BY_NAME(SORT_BY_ALIGNMENT(._comparator_driver_api.static.*)))
                0x00008d74                        _comparator_driver_api_list_end = .
                0x00008d74                        _comparator_driver_api_ext_end = .
                0x00008d74                        _coredump_driver_api_list_start = .
 *(SORT_BY_NAME(SORT_BY_ALIGNMENT(._coredump_driver_api.static.*)))
                0x00008d74                        _coredump_driver_api_list_end = .
                0x00008d74                        _coredump_driver_api_ext_end = .
                0x00008d74                        _counter_driver_api_list_start = .
 *(SORT_BY_NAME(SORT_BY_ALIGNMENT(._counter_driver_api.static.*)))
                0x00008d74                        _counter_driver_api_list_end = .
                0x00008d74                        _counter_driver_api_ext_end = .
                0x00008d74                        _crc_driver_api_list_start = .
 *(SORT_BY_NAME(SORT_BY_ALIGNMENT(._crc_driver_api.static.*)))
                0x00008d74                        _crc_driver_api_list_end = .
                0x00008d74                        _crc_driver_api_ext_end = .
                0x00008d74                        _dac_driver_api_list_start = .
 *(SORT_BY_NAME(SORT_BY_ALIGNMENT(._dac_driver_api.static.*)))
                0x00008d74                        _dac_driver_api_list_end = .
                0x00008d74                        _dac_driver_api_ext_end = .
                0x00008d74                        _dai_driver_api_list_start = .
 *(SORT_BY_NAME(SORT_BY_ALIGNMENT(._dai_driver_api.static.*)))
                0x00008d74                        _dai_driver_api_list_end = .
                0x00008d74                        _dai_driver_api_ext_end = .
                0x00008d74                        _dali_driver_api_list_start = .
 *(SORT_BY_NAME(SORT_BY_ALIGNMENT(._dali_driver_api.static.*)))
                0x00008d74                        _dali_driver_api_list_end = .
                0x00008d74                        _dali_driver_api_ext_end = .
                0x00008d74                        _display_driver_api_list_start = .
 *(SORT_BY_NAME(SORT_BY_ALIGNMENT(._display_driver_api.static.*)))
                0x00008d74                        _display_driver_api_list_end = .
                0x00008d74                        _display_driver_api_ext_end = .
                0x00008d74                        _dma_driver_api_list_start = .
 *(SORT_BY_NAME(SORT_BY_ALIGNMENT(._dma_driver_api.static.*)))
                0x00008d74                        _dma_driver_api_list_end = .
                0x00008d74                        _dma_driver_api_ext_end = .
                0x00008d74                        _edac_driver_api_list_start = .
 *(SORT_BY_NAME(SORT_BY_ALIGNMENT(._edac_driver_api.static.*)))
                0x00008d74                        _edac_driver_api_list_end = .
                0x00008d74                        _edac_driver_api_ext_end = .
                0x00008d74                        _eeprom_driver_api_list_start = .
 *(SORT_BY_NAME(SORT_BY_ALIGNMENT(._eeprom_driver_api.static.*)))
                0x00008d74                        _eeprom_driver_api_list_end = .
                0x00008d74                        _eeprom_driver_api_ext_end = .
                0x00008d74                        _emul_bbram_driver_api_list_start = .
 *(SORT_BY_NAME(SORT_BY_ALIGNMENT(._emul_bbram_driver_api.static.*)))
                0x00008d74                        _emul_bbram_driver_api_list_end = .
                0x00008d74                        _emul_bbram_driver_api_ext_end = .
                0x00008d74                        _fuel_gauge_emul_driver_api_list_start = .
 *(SORT_BY_NAME(SORT_BY_ALIGNMENT(._fuel_gauge_emul_driver_api.static.*)))
                0x00008d74                        _fuel_gauge_emul_driver_api_list_end = .
                0x00008d74                        _fuel_gauge_emul_driver_api_ext_end = .
                0x00008d74                        _emul_sensor_driver_api_list_start = .
 *(SORT_BY_NAME(SORT_BY_ALIGNMENT(._emul_sensor_driver_api.static.*)))
                0x00008d74                        _emul_sensor_driver_api_list_end = .
                0x00008d74                        _emul_sensor_driver_api_ext_end = .
                0x00008d74                        _entropy_driver_api_list_start = .
 *(SORT_BY_NAME(SORT_BY_ALIGNMENT(._entropy_driver_api.static.*)))
                0x00008d74                        _entropy_driver_api_list_end = .
                0x00008d74                        _entropy_driver_api_ext_end = .
                0x00008d74                        _espi_driver_api_list_start = .
 *(SORT_BY_NAME(SORT_BY_ALIGNMENT(._espi_driver_api.static.*)))
                0x00008d74                        _espi_driver_api_list_end = .
                0x00008d74                        _emul_espi_driver_api_list_start = .
 *(SORT_BY_NAME(SORT_BY_ALIGNMENT(._emul_espi_driver_api.static.*)))
                0x00008d74                        _emul_espi_driver_api_list_end = .
                0x00008d74                        _emul_espi_driver_api_ext_end = .
                0x00008d74                        _espi_driver_api_ext_end = .
                0x00008d74                        _espi_saf_driver_api_list_start = .
 *(SORT_BY_NAME(SORT_BY_ALIGNMENT(._espi_saf_driver_api.static.*)))
                0x00008d74                        _espi_saf_driver_api_list_end = .
                0x00008d74                        _espi_saf_driver_api_ext_end = .
                0x00008d74                        _flash_driver_api_list_start = .
 *(SORT_BY_NAME(SORT_BY_ALIGNMENT(._flash_driver_api.static.*)))
                0x00008d74                        _flash_driver_api_list_end = .
                0x00008d74                        _flash_driver_api_ext_end = .
                0x00008d74                        _fpga_driver_api_list_start = .
 *(SORT_BY_NAME(SORT_BY_ALIGNMENT(._fpga_driver_api.static.*)))
                0x00008d74                        _fpga_driver_api_list_end = .
                0x00008d74                        _fpga_driver_api_ext_end = .
                0x00008d74                        _fuel_gauge_driver_api_list_start = .
 *(SORT_BY_NAME(SORT_BY_ALIGNMENT(._fuel_gauge_driver_api.static.*)))
                0x00008d74                        _fuel_gauge_driver_api_list_end = .
                0x00008d74                        _fuel_gauge_driver_api_ext_end = .
                0x00008d74                        _gnss_driver_api_list_start = .
 *(SORT_BY_NAME(SORT_BY_ALIGNMENT(._gnss_driver_api.static.*)))
                0x00008d74                        _gnss_driver_api_list_end = .
                0x00008d74                        _gnss_driver_api_ext_end = .
                0x00008d74                        _haptics_driver_api_list_start = .
 *(SORT_BY_NAME(SORT_BY_ALIGNMENT(._haptics_driver_api.static.*)))
                0x00008d74                        _haptics_driver_api_list_end = .
                0x00008d74                        _haptics_driver_api_ext_end = .
                0x00008d74                        _hwspinlock_driver_api_list_start = .
 *(SORT_BY_NAME(SORT_BY_ALIGNMENT(._hwspinlock_driver_api.static.*)))
                0x00008d74                        _hwspinlock_driver_api_list_end = .
                0x00008d74                        _hwspinlock_driver_api_ext_end = .
                0x00008d74                        _i2s_driver_api_list_start = .
 *(SORT_BY_NAME(SORT_BY_ALIGNMENT(._i2s_driver_api.static.*)))
                0x00008d74                        _i2s_driver_api_list_end = .
                0x00008d74                        _i2s_driver_api_ext_end = .
                0x00008d74                        _ipm_driver_api_list_start = .
 *(SORT_BY_NAME(SORT_BY_ALIGNMENT(._ipm_driver_api.static.*)))
                0x00008d74                        _ipm_driver_api_list_end = .
                0x00008d74                        _ipm_driver_api_ext_end = .
                0x00008d74                        _led_driver_api_list_start = .
 *(SORT_BY_NAME(SORT_BY_ALIGNMENT(._led_driver_api.static.*)))
                0x00008d74                        _led_driver_api_list_end = .
                0x00008d74                        _led_driver_api_ext_end = .
                0x00008d74                        _led_strip_driver_api_list_start = .
 *(SORT_BY_NAME(SORT_BY_ALIGNMENT(._led_strip_driver_api.static.*)))
                0x00008d74                        _led_strip_driver_api_list_end = .
                0x00008d74                        _led_strip_driver_api_ext_end = .
                0x00008d74                        _lora_driver_api_list_start = .
 *(SORT_BY_NAME(SORT_BY_ALIGNMENT(._lora_driver_api.static.*)))
                0x00008d74                        _lora_driver_api_list_end = .
                0x00008d74                        _lora_driver_api_ext_end = .
                0x00008d74                        _mbox_driver_api_list_start = .
 *(SORT_BY_NAME(SORT_BY_ALIGNMENT(._mbox_driver_api.static.*)))
                0x00008d74                        _mbox_driver_api_list_end = .
                0x00008d74                        _mbox_driver_api_ext_end = .
                0x00008d74                        _mdio_driver_api_list_start = .
 *(SORT_BY_NAME(SORT_BY_ALIGNMENT(._mdio_driver_api.static.*)))
                0x00008d74                        _mdio_driver_api_list_end = .
                0x00008d74                        _mdio_driver_api_ext_end = .
                0x00008d74                        _mipi_dbi_driver_api_list_start = .
 *(SORT_BY_NAME(SORT_BY_ALIGNMENT(._mipi_dbi_driver_api.static.*)))
                0x00008d74                        _mipi_dbi_driver_api_list_end = .
                0x00008d74                        _mipi_dbi_driver_api_ext_end = .
                0x00008d74                        _mipi_dsi_driver_api_list_start = .
 *(SORT_BY_NAME(SORT_BY_ALIGNMENT(._mipi_dsi_driver_api.static.*)))
                0x00008d74                        _mipi_dsi_driver_api_list_end = .
                0x00008d74                        _mipi_dsi_driver_api_ext_end = .
                0x00008d74                        _mspi_driver_api_list_start = .
 *(SORT_BY_NAME(SORT_BY_ALIGNMENT(._mspi_driver_api.static.*)))
                0x00008d74                        _mspi_driver_api_list_end = .
                0x00008d74                        _emul_mspi_driver_api_list_start = .
 *(SORT_BY_NAME(SORT_BY_ALIGNMENT(._emul_mspi_driver_api.static.*)))
                0x00008d74                        _emul_mspi_driver_api_list_end = .
                0x00008d74                        _emul_mspi_driver_api_ext_end = .
                0x00008d74                        _mspi_driver_api_ext_end = .
                0x00008d74                        _opamp_driver_api_list_start = .
 *(SORT_BY_NAME(SORT_BY_ALIGNMENT(._opamp_driver_api.static.*)))
                0x00008d74                        _opamp_driver_api_list_end = .
                0x00008d74                        _opamp_driver_api_ext_end = .
                0x00008d74                        _otp_driver_api_list_start = .
 *(SORT_BY_NAME(SORT_BY_ALIGNMENT(._otp_driver_api.static.*)))
                0x00008d74                        _otp_driver_api_list_end = .
                0x00008d74                        _otp_driver_api_ext_end = .
                0x00008d74                        _peci_driver_api_list_start = .
 *(SORT_BY_NAME(SORT_BY_ALIGNMENT(._peci_driver_api.static.*)))
                0x00008d74                        _peci_driver_api_list_end = .
                0x00008d74                        _peci_driver_api_ext_end = .
                0x00008d74                        _ps2_driver_api_list_start = .
 *(SORT_BY_NAME(SORT_BY_ALIGNMENT(._ps2_driver_api.static.*)))
                0x00008d74                        _ps2_driver_api_list_end = .
                0x00008d74                        _ps2_driver_api_ext_end = .
                0x00008d74                        _ptp_clock_driver_api_list_start = .
 *(SORT_BY_NAME(SORT_BY_ALIGNMENT(._ptp_clock_driver_api.static.*)))
                0x00008d74                        _ptp_clock_driver_api_list_end = .
                0x00008d74                        _ptp_clock_driver_api_ext_end = .
                0x00008d74                        _pwm_driver_api_list_start = .
 *(SORT_BY_NAME(SORT_BY_ALIGNMENT(._pwm_driver_api.static.*)))
                0x00008d74                        _pwm_driver_api_list_end = .
                0x00008d74                        _pwm_driver_api_ext_end = .
                0x00008d74                        _regulator_parent_driver_api_list_start = .
 *(SORT_BY_NAME(SORT_BY_ALIGNMENT(._regulator_parent_driver_api.static.*)))
                0x00008d74                        _regulator_parent_driver_api_list_end = .
                0x00008d74                        _regulator_parent_driver_api_ext_end = .
                0x00008d74                        _regulator_driver_api_list_start = .
 *(SORT_BY_NAME(SORT_BY_ALIGNMENT(._regulator_driver_api.static.*)))
                0x00008d74                        _regulator_driver_api_list_end = .
                0x00008d74                        _regulator_driver_api_ext_end = .
                0x00008d74                        _reset_driver_api_list_start = .
 *(SORT_BY_NAME(SORT_BY_ALIGNMENT(._reset_driver_api.static.*)))
                0x00008d74                        _reset_driver_api_list_end = .
                0x00008d74                        _reset_driver_api_ext_end = .
                0x00008d74                        _retained_mem_driver_api_list_start = .
 *(SORT_BY_NAME(SORT_BY_ALIGNMENT(._retained_mem_driver_api.static.*)))
                0x00008d74                        _retained_mem_driver_api_list_end = .
                0x00008d74                        _retained_mem_driver_api_ext_end = .
                0x00008d74                        _rtc_driver_api_list_start = .
 *(SORT_BY_NAME(SORT_BY_ALIGNMENT(._rtc_driver_api.static.*)))
                0x00008d74                        _rtc_driver_api_list_end = .
                0x00008d74                        _rtc_driver_api_ext_end = .
                0x00008d74                        _sdhc_driver_api_list_start = .
 *(SORT_BY_NAME(SORT_BY_ALIGNMENT(._sdhc_driver_api.static.*)))
                0x00008d74                        _sdhc_driver_api_list_end = .
                0x00008d74                        _sdhc_driver_api_ext_end = .
                0x00008d74                        _sensor_driver_api_list_start = .
 *(SORT_BY_NAME(SORT_BY_ALIGNMENT(._sensor_driver_api.static.*)))
                0x00008d74                        _sensor_driver_api_list_end = .
                0x00008d74                        _sensor_driver_api_ext_end = .
                0x00008d74                        _smbus_driver_api_list_start = .
 *(SORT_BY_NAME(SORT_BY_ALIGNMENT(._smbus_driver_api.static.*)))
                0x00008d74                        _smbus_driver_api_list_end = .
                0x00008d74                        _smbus_driver_api_ext_end = .
                0x00008d74                        _spi_driver_api_list_start = .
 *(SORT_BY_NAME(SORT_BY_ALIGNMENT(._spi_driver_api.static.*)))
                0x00008d74                        _spi_driver_api_list_end = .
                0x00008d74                        _spi_driver_api_ext_end = .
                0x00008d74                        _syscon_driver_api_list_start = .
 *(SORT_BY_NAME(SORT_BY_ALIGNMENT(._syscon_driver_api.static.*)))
                0x00008d74                        _syscon_driver_api_list_end = .
                0x00008d74                        _syscon_driver_api_ext_end = .
                0x00008d74                        _tee_driver_api_list_start = .
 *(SORT_BY_NAME(SORT_BY_ALIGNMENT(._tee_driver_api.static.*)))
                0x00008d74                        _tee_driver_api_list_end = .
                0x00008d74                        _tee_driver_api_ext_end = .
                0x00008d74                        _tgpio_driver_api_list_start = .
 *(SORT_BY_NAME(SORT_BY_ALIGNMENT(._tgpio_driver_api.static.*)))
                0x00008d74                        _tgpio_driver_api_list_end = .
                0x00008d74                        _tgpio_driver_api_ext_end = .
                0x00008d74                        _uaol_driver_api_list_start = .
 *(SORT_BY_NAME(SORT_BY_ALIGNMENT(._uaol_driver_api.static.*)))
                0x00008d74                        _uaol_driver_api_list_end = .
                0x00008d74                        _uaol_driver_api_ext_end = .
                0x00008d74                        _video_driver_api_list_start = .
 *(SORT_BY_NAME(SORT_BY_ALIGNMENT(._video_driver_api.static.*)))
                0x00008d74                        _video_driver_api_list_end = .
                0x00008d74                        _video_driver_api_ext_end = .
                0x00008d74                        _virtio_driver_api_list_start = .
 *(SORT_BY_NAME(SORT_BY_ALIGNMENT(._virtio_driver_api.static.*)))
                0x00008d74                        _virtio_driver_api_list_end = .
                0x00008d74                        _virtio_driver_api_ext_end = .
                0x00008d74                        _w1_driver_api_list_start = .
 *(SORT_BY_NAME(SORT_BY_ALIGNMENT(._w1_driver_api.static.*)))
                0x00008d74                        _w1_driver_api_list_end = .
                0x00008d74                        _w1_driver_api_ext_end = .
                0x00008d74                        _wdt_driver_api_list_start = .
 *(SORT_BY_NAME(SORT_BY_ALIGNMENT(._wdt_driver_api.static.*)))
                0x00008d74                        _wdt_driver_api_list_end = .
                0x00008d74                        _wdt_driver_api_ext_end = .
                0x00008d74                        _wuc_driver_api_list_start = .
 *(SORT_BY_NAME(SORT_BY_ALIGNMENT(._wuc_driver_api.static.*)))
                0x00008d74                        _wuc_driver_api_list_end = .
                0x00008d74                        _wuc_driver_api_ext_end = .
                0x00008d74                        _can_transceiver_driver_api_list_start = .
 *(SORT_BY_NAME(SORT_BY_ALIGNMENT(._can_transceiver_driver_api.static.*)))
                0x00008d74                        _can_transceiver_driver_api_list_end = .
                0x00008d74                        _can_transceiver_driver_api_ext_end = .
                0x00008d74                        _i3c_target_driver_api_list_start = .
 *(SORT_BY_NAME(SORT_BY_ALIGNMENT(._i3c_target_driver_api.static.*)))
                0x00008d74                        _i3c_target_driver_api_list_end = .
                0x00008d74                        _i3c_target_driver_api_ext_end = .
                0x00008d74                        _its_driver_api_list_start = .
 *(SORT_BY_NAME(SORT_BY_ALIGNMENT(._its_driver_api.static.*)))
                0x00008d74                        _its_driver_api_list_end = .
                0x00008d74                        _its_driver_api_ext_end = .
                0x00008d74                        _vtd_driver_api_list_start = .
 *(SORT_BY_NAME(SORT_BY_ALIGNMENT(._vtd_driver_api.static.*)))
                0x00008d74                        _vtd_driver_api_list_end = .
                0x00008d74                        _vtd_driver_api_ext_end = .
                0x00008d74                        _renesas_elc_driver_api_list_start = .
 *(SORT_BY_NAME(SORT_BY_ALIGNMENT(._renesas_elc_driver_api.static.*)))
                0x00008d74                        _renesas_elc_driver_api_list_end = .
                0x00008d74                        _renesas_elc_driver_api_ext_end = .
                0x00008d74                        _pcie_ctrl_driver_api_list_start = .
 *(SORT_BY_NAME(SORT_BY_ALIGNMENT(._pcie_ctrl_driver_api.static.*)))
                0x00008d74                        _pcie_ctrl_driver_api_list_end = .
                0x00008d74                        _pcie_ctrl_driver_api_ext_end = .
                0x00008d74                        _pcie_ep_driver_api_list_start = .
 *(SORT_BY_NAME(SORT_BY_ALIGNMENT(._pcie_ep_driver_api.static.*)))
                0x00008d74                        _pcie_ep_driver_api_list_end = .
                0x00008d74                        _pcie_ep_driver_api_ext_end = .
                0x00008d74                        _psi5_driver_api_list_start = .
 *(SORT_BY_NAME(SORT_BY_ALIGNMENT(._psi5_driver_api.static.*)))
                0x00008d74                        _psi5_driver_api_list_end = .
                0x00008d74                        _psi5_driver_api_ext_end = .
                0x00008d74                        _sent_driver_api_list_start = .
 *(SORT_BY_NAME(SORT_BY_ALIGNMENT(._sent_driver_api.static.*)))
                0x00008d74                        _sent_driver_api_list_end = .
                0x00008d74                        _sent_driver_api_ext_end = .
                0x00008d74                        _svc_driver_api_list_start = .
 *(SORT_BY_NAME(SORT_BY_ALIGNMENT(._svc_driver_api.static.*)))
                0x00008d74                        _svc_driver_api_list_end = .
                0x00008d74                        _svc_driver_api_ext_end = .
                0x00008d74                        _stepper_driver_api_list_start = .
 *(SORT_BY_NAME(SORT_BY_ALIGNMENT(._stepper_driver_api.static.*)))
                0x00008d74                        _stepper_driver_api_list_end = .
                0x00008d74                        _stepper_driver_api_ext_end = .
                0x00008d74                        _stepper_ctrl_driver_api_list_start = .
 *(SORT_BY_NAME(SORT_BY_ALIGNMENT(._stepper_ctrl_driver_api.static.*)))
                0x00008d74                        _stepper_ctrl_driver_api_list_end = .
                0x00008d74                        _stepper_ctrl_driver_api_ext_end = .